Component: ARM Compiler 5.06 update 6 (build 750) Tool: armlink [4d35ed]

==============================================================================

Section Cross References

    main.o(.text) refers to stm32f10x_gpio.o(.text) for GPIO_ResetBits
    main.o(.text) refers to nrf24.o(.text) for nRF24_WritePayload
    main.o(.text) refers to uart.o(.text) for UART_SendStr
    main.o(.text) refers to stm32f10x_rcc.o(.text) for RCC_APB1PeriphClockCmd
    main.o(.text) refers to stm32f10x_spi.o(.text) for SPI_Init
    main.o(.text) refers to stm32f10x_exti.o(.text) for EXTI_Init
    main.o(.text) refers to misc.o(.text) for NVIC_Init
    main.o(.text) refers to delay.o(.text) for Delay_Init
    main.o(.text) refers to nrf24_hal.o(.text) for nRF24_GPIO_Init_2
    main.o(.text) refers to stm32f10x_it.o(.data) for status
    main.o(.text) refers to main.o(.constdata) for nRF24_ADDR
    main.o(.text) refers to main.o(.data) for j
    main.o(.text) refers to main.o(.bss) for nRF24_payload_rx
    stm32f10x_it.o(.text) refers to nrf24.o(.text) for nRF24_GetStatus_1
    stm32f10x_it.o(.text) refers to stm32f10x_exti.o(.text) for EXTI_ClearITPendingBit
    stm32f10x_it.o(.text) refers to stm32f10x_it.o(.data) for status_1
    stm32f10x_gpio.o(.text) refers to stm32f10x_rcc.o(.text) for RCC_APB2PeriphResetCmd
    stm32f10x_rcc.o(.text) refers to stm32f10x_rcc.o(.data) for APBAHBPrescTable
    stm32f10x_usart.o(.text) refers to stm32f10x_rcc.o(.text) for RCC_APB2PeriphResetCmd
    stm32f10x_spi.o(.text) refers to stm32f10x_rcc.o(.text) for RCC_APB2PeriphResetCmd
    stm32f10x_adc.o(.text) refers to stm32f10x_rcc.o(.text) for RCC_APB2PeriphResetCmd
    nrf24.o(.text) refers to stm32f10x_gpio.o(.text) for GPIO_ResetBits
    nrf24.o(.text) refers to nrf24_hal.o(.text) for nRF24_LL_RW_2
    nrf24.o(.text) refers to nrf24.o(.constdata) for nRF24_ADDR_REGS
    nrf24_hal.o(.text) refers to stm32f10x_gpio.o(.text) for GPIO_Init
    nrf24_hal.o(.text) refers to stm32f10x_spi.o(.text) for SPI_I2S_GetFlagStatus
    uart.o(.text) refers to stm32f10x_rcc.o(.text) for RCC_APB2PeriphClockCmd
    uart.o(.text) refers to stm32f10x_gpio.o(.text) for GPIO_Init
    uart.o(.text) refers to stm32f10x_usart.o(.text) for USART_Init
    uart.o(.text) refers to h1_alloc.o(.text) for malloc
    uart.o(.text) refers to rt_memcpy_v6.o(.text) for __aeabi_memcpy
    uart.o(.text) refers to h1_free.o(.text) for free
    delay.o(.text) refers to system_stm32f10x.o(.data) for SystemCoreClock
    system_stm32f10x.o(.text) refers to system_stm32f10x.o(.data) for SystemCoreClock
    startup_stm32f10x_md.o(STACK) refers (Special) to heapauxi.o(.text) for __use_two_region_memory
    startup_stm32f10x_md.o(HEAP) refers (Special) to heapauxi.o(.text) for __use_two_region_memory
    startup_stm32f10x_md.o(RESET) refers (Special) to heapauxi.o(.text) for __use_two_region_memory
    startup_stm32f10x_md.o(RESET) refers to startup_stm32f10x_md.o(STACK) for __initial_sp
    startup_stm32f10x_md.o(RESET) refers to startup_stm32f10x_md.o(.text) for Reset_Handler
    startup_stm32f10x_md.o(RESET) refers to stm32f10x_it.o(.text) for NMI_Handler
    startup_stm32f10x_md.o(.text) refers (Special) to heapauxi.o(.text) for __use_two_region_memory
    startup_stm32f10x_md.o(.text) refers to system_stm32f10x.o(.text) for SystemInit
    startup_stm32f10x_md.o(.text) refers to __main.o(!!!main) for __main
    startup_stm32f10x_md.o(.text) refers to startup_stm32f10x_md.o(HEAP) for Heap_Mem
    startup_stm32f10x_md.o(.text) refers to startup_stm32f10x_md.o(STACK) for Stack_Mem
    retarget_io.o(.text) refers to strcmpv7m.o(.text) for strcmp
    malloc.o(.text) refers (Special) to hguard.o(.text) for __heap$guard
    malloc.o(.text) refers (Special) to init_alloc.o(.text) for _init_alloc
    malloc.o(.text) refers to rt_heap_descriptor_intlibspace.o(.text) for __rt_heap_descriptor
    malloc.o(.text) refers to heapstubs.o(.text) for __Heap_Alloc
    free.o(.text) refers (Special) to hguard.o(.text) for __heap$guard
    free.o(.text) refers to rt_heap_descriptor_intlibspace.o(.text) for __rt_heap_descriptor
    free.o(.text) refers to heapstubs.o(.text) for __Heap_Free
    h1_alloc.o(.text) refers (Special) to h1_init.o(.text) for __Heap_Initialize
    h1_alloc.o(.text) refers to rt_heap_descriptor_intlibspace.o(.text) for __rt_heap_descriptor
    h1_alloc.o(.text) refers to init_alloc.o(.text) for __Heap_Full
    h1_free.o(.text) refers to rt_heap_descriptor_intlibspace.o(.text) for __rt_heap_descriptor
    h1_alloc_mt.o(.text) refers (Special) to h1_init.o(.text) for __Heap_Initialize
    h1_alloc_mt.o(.text) refers to init_alloc.o(.text) for __Heap_Full
    h1_alloc_mt.o(.text) refers to rt_heap_descriptor_intlibspace.o(.text) for __rt_heap_descriptor
    h1_free_mt.o(.text) refers to rt_heap_descriptor_intlibspace.o(.text) for __rt_heap_descriptor
    heap2.o(i._FDIterate) refers to heap2.o(.conststring) for .conststring
[...]
    heap2mt.o(i._realloc$realtime$concurrent) refers to h1_free.o(.text) for free
    heap2mt.o(i._realloc$realtime$concurrent) refers to h1_alloc.o(.text) for malloc
    heap2mt.o(i._realloc$realtime$concurrent) refers to fdtree.o(i._FDTree_Delete) for _FDTree_Delete
    heap2mt.o(i._realloc$realtime$concurrent) refers to rt_memcpy_w.o(.text) for __aeabi_memcpy4
    rt_memcpy_v6.o(.text) refers to rt_memcpy_w.o(.text) for __aeabi_memcpy4
    __main.o(!!!main) refers to __rtentry.o(.ARM.Collect$$rtentry$$00000000) for __rt_entry
    __rtentry.o(.ARM.Collect$$rtentry$$00000000) refers (Special) to __rtentry2.o(.ARM.Collect$$rtentry$$0000000A) for __rt_entry_li
    __rtentry.o(.ARM.Collect$$rtentry$$00000000) refers (Special) to __rtentry2.o(.ARM.Collect$$rtentry$$0000000D) for __rt_entry_main
    __rtentry.o(.ARM.Collect$$rtentry$$00000000) refers (Special) to __rtentry2.o(.ARM.Collect$$rtentry$$0000000C) for __rt_entry_postli_1
    __rtentry.o(.ARM.Collect$$rtentry$$00000000) refers (Special) to __rtentry2.o(.ARM.Collect$$rtentry$$00000009) for __rt_entry_postsh_1
    __rtentry.o(.ARM.Collect$$rtentry$$00000000) refers (Special) to __rtentry2.o(.ARM.Collect$$rtentry$$00000002) for __rt_entry_presh_1
    __rtentry.o(.ARM.Collect$$rtentry$$00000000) refers (Special) to __rtentry4.o(.ARM.Collect$$rtentry$$00000004) for __rt_entry_sh
    rt_heap_descriptor.o(.text) refers to rt_heap_descriptor.o(.bss) for __rt_heap_descriptor_data
    rt_heap_descriptor_intlibspace.o(.text) refers to libspace.o(.bss) for __libspace_start
    init_alloc.o(.text) refers (Special) to hguard.o(.text) for __heap$guard
    init_alloc.o(.text) refers (Special) to libinit2.o(.ARM.Collect$$libinit$$00000005) for __rt_lib_init_heap_2
    init_alloc.o(.text) refers (Special) to maybetermalloc1.o(.emb_text) for _maybe_terminate_alloc
    init_alloc.o(.text) refers to h1_extend.o(.text) for __Heap_ProvideMemory
    init_alloc.o(.text) refers to defsig_rtmem_outer.o(.text) for __rt_SIGRTMEM
    init_alloc.o(.text) refers to rt_heap_descriptor_intlibspace.o(.text) for __rt_heap_descriptor
    init_alloc.o(.text) refers to h1_init.o(.text) for __Heap_Initialize
    h1_init_mt.o(.text) refers to mutex_dummy.o(.text) for _mutex_initialize
    _get_argv.o(.text) refers (Special) to hrguard.o(.text) for __heap_region$guard
    _get_argv.o(.text) refers to h1_alloc.o(.text) for malloc
    _get_argv.o(.text) refers to defsig_rtmem_outer.o(.text) for __rt_SIGRTMEM
    _get_argv.o(.text) refers to sys_command.o(.text) for _sys_command_string
    libinit2.o(.ARM.Collect$$libinit$$00000005) refers (Weak) to init_alloc.o(.text) for _init_alloc
    libinit2.o(.ARM.Collect$$libinit$$00000010) refers to libinit2.o(.ARM.Collect$$libinit$$0000000F) for .ARM.Collect$$libinit$$0000000F
    libinit2.o(.ARM.Collect$$libinit$$00000012) refers to libinit2.o(.ARM.Collect$$libinit$$0000000F) for .ARM.Collect$$libinit$$0000000F
    libinit2.o(.ARM.Collect$$libinit$$00000014) refers to libinit2.o(.ARM.Collect$$libinit$$0000000F) for .ARM.Collect$$libinit$$0000000F
    libinit2.o(.ARM.Collect$$libinit$$00000016) refers to libinit2.o(.ARM.Collect$$libinit$$0000000F) for .ARM.Collect$$libinit$$0000000F
    libinit2.o(.ARM.Collect$$libinit$$00000018) refers to libinit2.o(.ARM.Collect$$libinit$$0000000F) for .ARM.Collect$$libinit$$0000000F
    libinit2.o(.ARM.Collect$$libinit$$00000026) refers to argv_veneer.o(.emb_text) for __ARM_argv_veneer
    libinit2.o(.ARM.Collect$$libinit$$00000027) refers to argv_veneer.o(.emb_text) for __ARM_argv_veneer
    sys_command.o(.text) refers (Special) to use_no_semi.o(.text) for __I$use$semihosting
    sys_command.o(.text) refers (Special) to indicate_semi.o(.text) for __semihosting_library_function
    libspace.o(.text) refers to libspace.o(.bss) for __libspace_start
    __rtentry2.o(.ARM.Collect$$rtentry$$00000008) refers to boardinit2.o(.text) for _platform_post_stackheap_init
    __rtentry2.o(.ARM.Collect$$rtentry$$0000000A) refers to libinit.o(.ARM.Collect$$libinit$$00000000) for __rt_lib_init
    __rtentry2.o(.ARM.Collect$$rtentry$$0000000B) refers to boardinit3.o(.text) for _platform_post_lib_init
    __rtentry2.o(.ARM.Collect$$rtentry$$0000000D) refers to main.o(.text) for main
    __rtentry2.o(.ARM.Collect$$rtentry$$0000000D) refers to exit.o(.text) for exit
    __rtentry2.o(.ARM.exidx) refers to __rtentry2.o(.ARM.Collect$$rtentry$$00000001) for .ARM.Collect$$rtentry$$00000001
    __rtentry2.o(.ARM.exidx) refers to __rtentry2.o(.ARM.Collect$$rtentry$$00000008) for .ARM.Collect$$rtentry$$00000008
    __rtentry2.o(.ARM.exidx) refers to __rtentry2.o(.ARM.Collect$$rtentry$$0000000A) for .ARM.Collect$$rtentry$$0000000A
    __rtentry2.o(.ARM.exidx) refers to __rtentry2.o(.ARM.Collect$$rtentry$$0000000B) for .ARM.Collect$$rtentry$$0000000B
    __rtentry2.o(.ARM.exidx) refers to __rtentry2.o(.ARM.Collect$$rtentry$$0000000D) for .ARM.Collect$$rtentry$$0000000D
    __rtentry4.o(.ARM.Collect$$rtentry$$00000004) refers to sys_stackheap_outer.o(.text) for __user_setup_stackheap
    __rtentry4.o(.ARM.exidx) refers to __rtentry4.o(.ARM.Collect$$rtentry$$00000004) for .ARM.Collect$$rtentry$$00000004
    maybetermalloc2.o(.emb_text) refers (Special) to term_alloc.o(.text) for _terminate_alloc
    h1_extend.o(.text) refers to h1_free.o(.text) for free
    h1_extend_mt.o(.text) refers to h1_free_mt.o(.text) for _free_internal
    defsig_rtmem_outer.o(.text) refers to defsig_rtmem_inner.o(.text) for __rt_SIGRTMEM_inner
    defsig_rtmem_outer.o(.text) refers to defsig_exit.o(.text) for __sig_exit
    defsig_rtmem_formal.o(.text) refers to rt_raise.o(.text) for __rt_raise
    heapauxa.o(.text) refers to heapauxa.o(.data) for .data
    argv_veneer.o(.emb_text) refers to no_argv.o(.text) for __ARM_get_argv
    sys_stackheap_outer.o(.text) refers to libspace.o(.text) for __user_perproc_libspace
    sys_stackheap_outer.o(.text) refers to startup_stm32f10x_md.o(.text) for __user_initial_stackheap
    rt_raise.o(.text) refers to __raise.o(.text) for __raise
    rt_raise.o(.text) refers to sys_exit.o(.text) for _sys_exit
    term_alloc.o(.text) refers (Special) to libshutdown2.o(.ARM.Collect$$libshutdown$$0000000E) for __rt_lib_shutdown_heap_2
    term_alloc.o(.text) refers to rt_heap_descriptor_intlibspace.o(.text) for __rt_heap_descriptor
    term_alloc.o(.text) refers to h1_final.o(.text) for __Heap_Finalize
    exit.o(.text) refers to rtexit.o(.ARM.Collect$$rtexit$$00000000) for __rt_exit
    defsig_exit.o(.text) refers to sys_exit.o(.text) for _sys_exit
    defsig_rtmem_inner.o(.text) refers to defsig_general.o(.text) for __default_signal_display
    _get_argv_nomalloc.o(.text) refers (Special) to hrguard.o(.text) for __heap_region$guard
    _get_argv_nomalloc.o(.text) refers to defsig_rtmem_outer.o(.text) for __rt_SIGRTMEM
    _get_argv_nomalloc.o(.text) refers to sys_command.o(.text) for _sys_command_string
    libinit.o(.ARM.Collect$$libinit$$00000000) refers (Special) to libinit2.o(.ARM.Collect$$libinit$$0000002E) for __rt_lib_init_alloca_1
    libinit.o(.ARM.Collect$$libinit$$00000000) refers (Special) to libinit2.o(.ARM.Collect$$libinit$$0000002C) for __rt_lib_init_argv_1
    libinit.o(.ARM.Collect$$libinit$$00000000) refers (Special) to libinit2.o(.ARM.Collect$$libinit$$0000001B) for __rt_lib_init_atexit_1
    libinit.o(.ARM.Collect$$libinit$$00000000) refers (Special) to libinit2.o(.ARM.Collect$$libinit$$00000021) for __rt_lib_init_clock_1
    libinit.o(.ARM.Collect$$libinit$$00000000) refers (Special) to libinit2.o(.ARM.Collect$$libinit$$00000032) for __rt_lib_init_cpp_1
    libinit.o(.ARM.Collect$$libinit$$00000000) refers (Special) to libinit2.o(.ARM.Collect$$libinit$$00000030) for __rt_lib_init_exceptions_1
    libinit.o(.ARM.Collect$$libinit$$00000000) refers (Special) to libinit2.o(.ARM.Collect$$libinit$$00000002) for __rt_lib_init_fp_1
    libinit.o(.ARM.Collect$$libinit$$00000000) refers (Special) to libinit2.o(.ARM.Collect$$libinit$$0000001F) for __rt_lib_init_fp_trap_1
    libinit.o(.ARM.Collect$$libinit$$00000000) refers (Special) to libinit2.o(.ARM.Collect$$libinit$$00000023) for __rt_lib_init_getenv_1
    libinit.o(.ARM.Collect$$libinit$$00000000) refers (Special) to libinit2.o(.ARM.Collect$$libinit$$0000000A) for __rt_lib_init_heap_1
    libinit.o(.ARM.Collect$$libinit$$00000000) refers (Special) to libinit2.o(.ARM.Collect$$libinit$$00000011) for __rt_lib_init_lc_collate_1
    libinit.o(.ARM.Collect$$libinit$$00000000) refers (Special) to libinit2.o(.ARM.Collect$$libinit$$00000013) for __rt_lib_init_lc_ctype_1
    libinit.o(.ARM.Collect$$libinit$$00000000) refers (Special) to libinit2.o(.ARM.Collect$$libinit$$00000015) for __rt_lib_init_lc_monetary_1
    libinit.o(.ARM.Collect$$libinit$$00000000) refers (Special) to libinit2.o(.ARM.Collect$$libinit$$00000017) for __rt_lib_init_lc_numeric_1
    libinit.o(.ARM.Collect$$libinit$$00000000) refers (Special) to libinit2.o(.ARM.Collect$$libinit$$00000019) for __rt_lib_init_lc_time_1
    libinit.o(.ARM.Collect$$libinit$$00000000) refers (Special) to libinit2.o(.ARM.Collect$$libinit$$00000004) for __rt_lib_init_preinit_1
    libinit.o(.ARM.Collect$$libinit$$00000000) refers (Special) to libinit2.o(.ARM.Collect$$libinit$$0000000E) for __rt_lib_init_rand_1
    libinit.o(.ARM.Collect$$libinit$$00000000) refers (Special) to libinit2.o(.ARM.Collect$$libinit$$00000033) for __rt_lib_init_return
    libinit.o(.ARM.Collect$$libinit$$00000000) refers (Special) to libinit2.o(.ARM.Collect$$libinit$$0000001D) for __rt_lib_init_signal_1
    libinit.o(.ARM.Collect$$libinit$$00000000) refers (Special) to libinit2.o(.ARM.Collect$$libinit$$00000025) for __rt_lib_init_stdio_1
    libinit.o(.ARM.Collect$$libinit$$00000000) refers (Special) to libinit2.o(.ARM.Collect$$libinit$$0000000C) for __rt_lib_init_user_alloc_1
    sys_exit.o(.text) refers (Special) to use_no_semi.o(.text) for __I$use$semihosting
    sys_exit.o(.text) refers (Special) to indicate_semi.o(.text) for __semihosting_library_function
    rtexit.o(.ARM.Collect$$rtexit$$00000000) refers (Special) to rtexit2.o(.ARM.Collect$$rtexit$$00000004) for __rt_exit_exit
    rtexit.o(.ARM.Collect$$rtexit$$00000000) refers (Special) to rtexit2.o(.ARM.Collect$$rtexit$$00000003) for __rt_exit_ls
    rtexit.o(.ARM.Collect$$rtexit$$00000000) refers (Special) to rtexit2.o(.ARM.Collect$$rtexit$$00000002) for __rt_exit_prels_1
    rtexit.o(.ARM.exidx) refers (Special) to rtexit2.o(.ARM.Collect$$rtexit$$00000004) for __rt_exit_exit
    rtexit.o(.ARM.exidx) refers (Special) to rtexit2.o(.ARM.Collect$$rtexit$$00000003) for __rt_exit_ls
    rtexit.o(.ARM.exidx) refers (Special) to rtexit2.o(.ARM.Collect$$rtexit$$00000002) for __rt_exit_prels_1
    rtexit.o(.ARM.exidx) refers to rtexit.o(.ARM.Collect$$rtexit$$00000000) for .ARM.Collect$$rtexit$$00000000
    __raise.o(.text) refers to defsig.o(CL$$defsig) for __default_signal_handler
    defsig_general.o(.text) refers to retarget_io.o(.text) for _ttywrch
    libshutdown2.o(.ARM.Collect$$libshutdown$$0000000D) refers (Weak) to term_alloc.o(.text) for _terminate_alloc
    rtexit2.o(.ARM.Collect$$rtexit$$00000003) refers to libshutdown.o(.ARM.Collect$$libshutdown$$00000000) for __rt_lib_shutdown
    rtexit2.o(.ARM.Collect$$rtexit$$00000004) refers to sys_exit.o(.text) for _sys_exit
    rtexit2.o(.ARM.exidx) refers to rtexit2.o(.ARM.Collect$$rtexit$$00000001) for .ARM.Collect$$rtexit$$00000001
    rtexit2.o(.ARM.exidx) refers to rtexit2.o(.ARM.Collect$$rtexit$$00000003) for .ARM.Collect$$rtexit$$00000003
    rtexit2.o(.ARM.exidx) refers to rtexit2.o(.ARM.Collect$$rtexit$$00000004) for .ARM.Collect$$rtexit$$00000004
    defsig.o(CL$$defsig) refers to defsig_rtmem_inner.o(.text) for __rt_SIGRTMEM_inner
    defsig_abrt_inner.o(.text) refers to defsig_general.o(.text) for __default_signal_display
    defsig_fpe_inner.o(.text) refers to defsig_general.o(.text) for __default_signal_display
    defsig_rtred_inner.o(.text) refers to defsig_general.o(.text) for __default_signal_display
    defsig_stak_inner.o(.text) refers to defsig_general.o(.text) for __default_signal_display
    defsig_pvfn_inner.o(.text) refers to defsig_general.o(.text) for __default_signal_display
    defsig_cppl_inner.o(.text) refers to defsig_general.o(.text) for __default_signal_display
    defsig_segv_inner.o(.text) refers to defsig_general.o(.text) for __default_signal_display
    defsig_other.o(.text) refers to defsig_general.o(.text) for __default_signal_display
    libshutdown.o(.ARM.Collect$$libshutdown$$00000000) refers (Special) to libshutdown2.o(.ARM.Collect$$libshutdown$$00000002) for __rt_lib_shutdown_cpp_1
    libshutdown.o(.ARM.Collect$$libshutdown$$00000000) refers (Special) to libshutdown2.o(.ARM.Collect$$libshutdown$$00000007) for __rt_lib_shutdown_fp_trap_1
    libshutdown.o(.ARM.Collect$$libshutdown$$00000000) refers (Special) to libshutdown2.o(.ARM.Collect$$libshutdown$$0000000F) for __rt_lib_shutdown_heap_1
    libshutdown.o(.ARM.Collect$$libshutdown$$00000000) refers (Special) to libshutdown2.o(.ARM.Collect$$libshutdown$$00000010) for __rt_lib_shutdown_return
    libshutdown.o(.ARM.Collect$$libshutdown$$00000000) refers (Special) to libshutdown2.o(.ARM.Collect$$libshutdown$$0000000A) for __rt_lib_shutdown_signal_1
    libshutdown.o(.ARM.Collect$$libshutdown$$00000000) refers (Special) to libshutdown2.o(.ARM.Collect$$libshutdown$$00000004) for __rt_lib_shutdown_stdio_1
    libshutdown.o(.ARM.Collect$$libshutdown$$00000000) refers (Special) to libshutdown2.o(.ARM.Collect$$libshutdown$$0000000C) for __rt_lib_shutdown_user_alloc_1


==============================================================================

Removing Unused input sections from the image.

    Removing stm32f10x_it.o(.constdata), (13 bytes).
    Removing stm32f10x_adc.o(.text), (1102 bytes).
    Removing core_cm3.o(.emb_text), (32 bytes).
    Removing retarget_io.o(.constdata), (23 bytes).

4 unused section(s) (total 1170 bytes) removed from the image.

==============================================================================

Image Symbol Table

    Local Symbols

    Symbol Name                              Value     Ov Type        Size  Object(Section)

    ../clib/angel/boardlib.s                 0x00000000   Number         0  boardinit2.o ABSOLUTE
    ../clib/angel/boardlib.s                 0x00000000   Number         0  boardshut.o ABSOLUTE
    ../clib/angel/boardlib.s                 0x00000000   Number         0  boardinit3.o ABSOLUTE
    ../clib/angel/boardlib.s                 0x00000000   Number         0  boardinit1.o ABSOLUTE
    ../clib/angel/handlers.s                 0x00000000   Number         0  __scatter_zi.o ABSOLUTE
    ../clib/angel/handlers.s                 0x00000000   Number         0  __scatter_copy.o ABSOLUTE
    ../clib/angel/kernel.s                   0x00000000   Number         0  __rtentry4.o ABSOLUTE
    ../clib/angel/kernel.s                   0x00000000   Number         0  __rtentry.o ABSOLUTE
    ../clib/angel/kernel.s                   0x00000000   Number         0  rtexit2.o ABSOLUTE
    ../clib/angel/kernel.s                   0x00000000   Number         0  __rtentry2.o ABSOLUTE
    ../clib/angel/kernel.s                   0x00000000   Number         0  rtexit.o ABSOLUTE
    ../clib/angel/rt.s                       0x00000000   Number         0  rt_heap_descriptor_intlibspace.o ABSOLUTE
    ../clib/angel/rt.s                       0x00000000   Number         0  rt_raise.o ABSOLUTE
    ../clib/angel/rt.s                       0x00000000   Number         0  rt_heap_descriptor.o ABSOLUTE
    ../clib/angel/scatter.s                  0x00000000   Number         0  __scatter.o ABSOLUTE
    ../clib/angel/startup.s                  0x00000000   Number         0  __main.o ABSOLUTE
    ../clib/angel/sys.s                      0x00000000   Number         0  libspace.o ABSOLUTE
    ../clib/angel/sys.s                      0x00000000   Number         0  use_no_semi.o ABSOLUTE
    ../clib/angel/sys.s                      0x00000000   Number         0  mutex_dummy.o ABSOLUTE
    ../clib/angel/sys.s                      0x00000000   Number         0  indicate_semi.o ABSOLUTE
    ../clib/angel/sys.s                      0x00000000   Number         0  sys_stackheap_outer.o ABSOLUTE
    ../clib/angel/sysapp.c                   0x00000000   Number         0  sys_command.o ABSOLUTE
    ../clib/angel/sysapp.c                   0x00000000   Number         0  sys_exit.o ABSOLUTE
    ../clib/armsys.c                         0x00000000   Number         0  _get_argv.o ABSOLUTE
    ../clib/armsys.c                         0x00000000   Number         0  argv_veneer.o ABSOLUTE
    ../clib/armsys.c                         0x00000000   Number         0  argv_veneer.o ABSOLUTE
    ../clib/armsys.c                         0x00000000   Number         0  no_argv.o ABSOLUTE
    ../clib/armsys.c                         0x00000000   Number         0  _get_argv_nomalloc.o ABSOLUTE
    ../clib/heap1.c                          0x00000000   Number         0  h1_alloc.o ABSOLUTE
    ../clib/heap1.c                          0x00000000   Number         0  h1_init_mt.o ABSOLUTE
    ../clib/heap1.c                          0x00000000   Number         0  h1_init.o ABSOLUTE
    ../clib/heap1.c                          0x00000000   Number         0  h1_extend.o ABSOLUTE
    ../clib/heap1.c                          0x00000000   Number         0  h1_extend_mt.o ABSOLUTE
    ../clib/heap1.c                          0x00000000   Number         0  h1_free_mt.o ABSOLUTE
    ../clib/heap1.c                          0x00000000   Number         0  h1_alloc_mt.o ABSOLUTE
    ../clib/heap1.c                          0x00000000   Number         0  h1_free.o ABSOLUTE
    ../clib/heap1.c                          0x00000000   Number         0  h1_final_mt.o ABSOLUTE
    ../clib/heap1.c                          0x00000000   Number         0  h1_final.o ABSOLUTE
    ../clib/heap2.c                          0x00000000   Number         0  heap2mt.o ABSOLUTE
    ../clib/heap2.c                          0x00000000   Number         0  heap2.o ABSOLUTE
    ../clib/heap2.c                          0x00000000   Number         0  fdtree.o ABSOLUTE
    ../clib/heapalloc.c                      0x00000000   Number         0  init_alloc.o ABSOLUTE
    ../clib/heapalloc.c                      0x00000000   Number         0  malloc.o ABSOLUTE
    ../clib/heapalloc.c                      0x00000000   Number         0  free.o ABSOLUTE
    ../clib/heapalloc.c                      0x00000000   Number         0  hrguard.o ABSOLUTE
    ../clib/heapalloc.c                      0x00000000   Number         0  heapstubs.o ABSOLUTE
    ../clib/heapalloc.c                      0x00000000   Number         0  maybetermalloc1.o ABSOLUTE
    ../clib/heapalloc.c                      0x00000000   Number         0  term_alloc.o ABSOLUTE
    ../clib/heapalloc.c                      0x00000000   Number         0  maybetermalloc1.o ABSOLUTE
    ../clib/heapalloc.c                      0x00000000   Number         0  hguard.o ABSOLUTE
    ../clib/heapalloc.c                      0x00000000   Number         0  maybetermalloc2.o ABSOLUTE
    ../clib/heapalloc.c                      0x00000000   Number         0  maybetermalloc2.o ABSOLUTE
    ../clib/heapaux.c                        0x00000000   Number         0  heapauxi.o ABSOLUTE
    ../clib/heapaux.c                        0x00000000   Number         0  heapauxa.o ABSOLUTE
    ../clib/libinit.s                        0x00000000   Number         0  libinit2.o ABSOLUTE
    ../clib/libinit.s                        0x00000000   Number         0  libinit.o ABSOLUTE
    ../clib/libinit.s                        0x00000000   Number         0  libshutdown.o ABSOLUTE
    ../clib/libinit.s                        0x00000000   Number         0  libshutdown2.o ABSOLUTE
    ../clib/memcpset.s                       0x00000000   Number         0  strcmpv7m.o ABSOLUTE
    ../clib/memcpset.s                       0x00000000   Number         0  rt_memcpy_w.o ABSOLUTE
    ../clib/memcpset.s                       0x00000000   Number         0  rt_memcpy_v6.o ABSOLUTE
    ../clib/signal.c                         0x00000000   Number         0  defsig_stak_inner.o ABSOLUTE
    ../clib/signal.c                         0x00000000   Number         0  defsig_fpe_inner.o ABSOLUTE
    ../clib/signal.c                         0x00000000   Number         0  defsig_rtred_inner.o ABSOLUTE
    ../clib/signal.c                         0x00000000   Number         0  defsig_pvfn_inner.o ABSOLUTE
    ../clib/signal.c                         0x00000000   Number         0  defsig_rtmem_inner.o ABSOLUTE
    ../clib/signal.c                         0x00000000   Number         0  defsig_other.o ABSOLUTE
    ../clib/signal.c                         0x00000000   Number         0  defsig_segv_inner.o ABSOLUTE
    ../clib/signal.c                         0x00000000   Number         0  defsig_cppl_inner.o ABSOLUTE
    ../clib/signal.c                         0x00000000   Number         0  defsig_exit.o ABSOLUTE
    ../clib/signal.c                         0x00000000   Number         0  __raise.o ABSOLUTE
    ../clib/signal.c                         0x00000000   Number         0  defsig_rtmem_outer.o ABSOLUTE
    ../clib/signal.c                         0x00000000   Number         0  defsig_rtmem_formal.o ABSOLUTE
    ../clib/signal.c                         0x00000000   Number         0  defsig_general.o ABSOLUTE
    ../clib/signal.c                         0x00000000   Number         0  defsig_abrt_inner.o ABSOLUTE
    ../clib/signal.s                         0x00000000   Number         0  defsig.o ABSOLUTE
    ../clib/stdlib.c                         0x00000000   Number         0  exit.o ABSOLUTE
    ../fplib/fpinit.s                        0x00000000   Number         0  fpinit.o ABSOLUTE
    ..\..\Libraries\CMSIS\CM3\CoreSupport\core_cm3.c 0x00000000   Number         0  core_cm3.o ABSOLUTE
    ..\..\Libraries\CMSIS\CM3\DeviceSupport\ST\STM32F10x\startup\arm\startup_stm32f10x_md.s 0x00000000   Number         0  startup_stm32f10x_md.o ABSOLUTE
    ..\..\Libraries\CMSIS\CM3\DeviceSupport\ST\STM32F10x\system_stm32f10x.c 0x00000000   Number         0  system_stm32f10x.o ABSOLUTE
    ..\..\Libraries\STM32F10x_StdPeriph_Driver\src\delay.c 0x00000000   Number         0  delay.o ABSOLUTE
    ..\..\Libraries\STM32F10x_StdPeriph_Driver\src\misc.c 0x00000000   Number         0  misc.o ABSOLUTE
    ..\..\Libraries\STM32F10x_StdPeriph_Driver\src\nrf24.c 0x00000000   Number         0  nrf24.o ABSOLUTE
    ..\..\Libraries\STM32F10x_StdPeriph_Driver\src\nrf24_hal.c 0x00000000   Number         0  nrf24_hal.o ABSOLUTE
    ..\..\Libraries\STM32F10x_StdPeriph_Driver\src\stm32f10x_adc.c 0x00000000   Number         0  stm32f10x_adc.o ABSOLUTE
    ..\..\Libraries\STM32F10x_StdPeriph_Driver\src\stm32f10x_exti.c 0x00000000   Number         0  stm32f10x_exti.o ABSOLUTE
    ..\..\Libraries\STM32F10x_StdPeriph_Driver\src\stm32f10x_gpio.c 0x00000000   Number         0  stm32f10x_gpio.o ABSOLUTE
    ..\..\Libraries\STM32F10x_StdPeriph_Driver\src\stm32f10x_rcc.c 0x00000000   Number         0  stm32f10x_rcc.o ABSOLUTE
    ..\..\Libraries\STM32F10x_StdPeriph_Driver\src\stm32f10x_spi.c 0x00000000   Number         0  stm32f10x_spi.o ABSOLUTE
    ..\..\Libraries\STM32F10x_StdPeriph_Driver\src\stm32f10x_usart.c 0x00000000   Number         0  stm32f10x_usart.o ABSOLUTE
    ..\..\Libraries\STM32F10x_StdPeriph_Driver\src\uart.c 0x00000000   Number         0  uart.o ABSOLUTE
    ..\\..\\Libraries\\CMSIS\\CM3\\CoreSupport\\core_cm3.c 0x00000000   Number         0  core_cm3.o ABSOLUTE
    ..\main.c                                0x00000000   Number         0  main.o ABSOLUTE
    ..\stm32f10x_it.c                        0x00000000   Number         0  stm32f10x_it.o ABSOLUTE
    C:\Keil_v5\ARM\PACK\Keil\ARM_Compiler\1.4.0\Source\retarget_io.c 0x00000000   Number         0  retarget_io.o ABSOLUTE
    dc.s                                     0x00000000   Number         0  dc.o ABSOLUTE
    RESET                                    0x08000000   Section      236  startup_stm32f10x_md.o(RESET)
    !!!main                                  0x080000ec   Section        8  __main.o(!!!main)
    !!!scatter                               0x080000f4   Section       52  __scatter.o(!!!scatter)
    !!handler_copy                           0x08000128   Section       26  __scatter_copy.o(!!handler_copy)
    !!handler_zi                             0x08000144   Section       28  __scatter_zi.o(!!handler_zi)
    .ARM.Collect$$libinit$$00000000          0x08000160   Section        2  libinit.o(.ARM.Collect$$libinit$$00000000)
    .ARM.Collect$$libinit$$00000002          0x08000162   Section        0  libinit2.o(.ARM.Collect$$libinit$$00000002)
    .ARM.Collect$$libinit$$00000004          0x08000162   Section        0  libinit2.o(.ARM.Collect$$libinit$$00000004)
    .ARM.Collect$$libinit$$00000005          0x08000162   Section        8  libinit2.o(.ARM.Collect$$libinit$$00000005)
    .ARM.Collect$$libinit$$0000000A          0x0800016a   Section        0  libinit2.o(.ARM.Collect$$libinit$$0000000A)
    .ARM.Collect$$libinit$$0000000C          0x0800016a   Section        0  libinit2.o(.ARM.Collect$$libinit$$0000000C)
    .ARM.Collect$$libinit$$0000000E          0x0800016a   Section        0  libinit2.o(.ARM.Collect$$libinit$$0000000E)
    .ARM.Collect$$libinit$$00000011          0x0800016a   Section        0  libinit2.o(.ARM.Collect$$libinit$$00000011)
    .ARM.Collect$$libinit$$00000013          0x0800016a   Section        0  libinit2.o(.ARM.Collect$$libinit$$00000013)
    .ARM.Collect$$libinit$$00000015          0x0800016a   Section        0  libinit2.o(.ARM.Collect$$libinit$$00000015)
    .ARM.Collect$$libinit$$00000017          0x0800016a   Section        0  libinit2.o(.ARM.Collect$$libinit$$00000017)
    .ARM.Collect$$libinit$$00000019          0x0800016a   Section        0  libinit2.o(.ARM.Collect$$libinit$$00000019)
    .ARM.Collect$$libinit$$0000001B          0x0800016a   Section        0  libinit2.o(.ARM.Collect$$libinit$$0000001B)
    .ARM.Collect$$libinit$$0000001D          0x0800016a   Section        0  libinit2.o(.ARM.Collect$$libinit$$0000001D)
    .ARM.Collect$$libinit$$0000001F          0x0800016a   Section        0  libinit2.o(.ARM.Collect$$libinit$$0000001F)
    .ARM.Collect$$libinit$$00000021          0x0800016a   Section        0  libinit2.o(.ARM.Collect$$libinit$$00000021)
    .ARM.Collect$$libinit$$00000023          0x0800016a   Section        0  libinit2.o(.ARM.Collect$$libinit$$00000023)
    .ARM.Collect$$libinit$$00000025          0x0800016a   Section        0  libinit2.o(.ARM.Collect$$libinit$$00000025)
    .ARM.Collect$$libinit$$0000002C          0x0800016a   Section        0  libinit2.o(.ARM.Collect$$libinit$$0000002C)
    .ARM.Collect$$libinit$$0000002E          0x0800016a   Section        0  libinit2.o(.ARM.Collect$$libinit$$0000002E)
    .ARM.Collect$$libinit$$00000030          0x0800016a   Section        0  libinit2.o(.ARM.Collect$$libinit$$00000030)
    .ARM.Collect$$libinit$$00000032          0x0800016a   Section        0  libinit2.o(.ARM.Collect$$libinit$$00000032)
    .ARM.Collect$$libinit$$00000033          0x0800016a   Section        2  libinit2.o(.ARM.Collect$$libinit$$00000033)
    .ARM.Collect$$libshutdown$$00000000      0x0800016c   Section        2  libshutdown.o(.ARM.Collect$$libshutdown$$00000000)
    .ARM.Collect$$libshutdown$$00000002      0x0800016e   Section        0  libshutdown2.o(.ARM.Collect$$libshutdown$$00000002)
    .ARM.Collect$$libshutdown$$00000004      0x0800016e   Section        0  libshutdown2.o(.ARM.Collect$$libshutdown$$00000004)
    .ARM.Collect$$libshutdown$$00000007      0x0800016e   Section        0  libshutdown2.o(.ARM.Collect$$libshutdown$$00000007)
    .ARM.Collect$$libshutdown$$0000000A      0x0800016e   Section        0  libshutdown2.o(.ARM.Collect$$libshutdown$$0000000A)
    .ARM.Collect$$libshutdown$$0000000C      0x0800016e   Section        0  libshutdown2.o(.ARM.Collect$$libshutdown$$0000000C)
    .ARM.Collect$$libshutdown$$0000000F      0x0800016e   Section        0  libshutdown2.o(.ARM.Collect$$libshutdown$$0000000F)
    .ARM.Collect$$libshutdown$$00000010      0x0800016e   Section        2  libshutdown2.o(.ARM.Collect$$libshutdown$$00000010)
    .ARM.Collect$$rtentry$$00000000          0x08000170   Section        0  __rtentry.o(.ARM.Collect$$rtentry$$00000000)
    .ARM.Collect$$rtentry$$00000002          0x08000170   Section        0  __rtentry2.o(.ARM.Collect$$rtentry$$00000002)
    .ARM.Collect$$rtentry$$00000004          0x08000170   Section        6  __rtentry4.o(.ARM.Collect$$rtentry$$00000004)
    .ARM.Collect$$rtentry$$00000009          0x08000176   Section        0  __rtentry2.o(.ARM.Collect$$rtentry$$00000009)
    .ARM.Collect$$rtentry$$0000000A          0x08000176   Section        4  __rtentry2.o(.ARM.Collect$$rtentry$$0000000A)
    .ARM.Collect$$rtentry$$0000000C          0x0800017a   Section        0  __rtentry2.o(.ARM.Collect$$rtentry$$0000000C)
    .ARM.Collect$$rtentry$$0000000D          0x0800017a   Section        8  __rtentry2.o(.ARM.Collect$$rtentry$$0000000D)
    .ARM.Collect$$rtexit$$00000000           0x08000182   Section        2  rtexit.o(.ARM.Collect$$rtexit$$00000000)
    .ARM.Collect$$rtexit$$00000002           0x08000184   Section        0  rtexit2.o(.ARM.Collect$$rtexit$$00000002)
    .ARM.Collect$$rtexit$$00000003           0x08000184   Section        4  rtexit2.o(.ARM.Collect$$rtexit$$00000003)
    .ARM.Collect$$rtexit$$00000004           0x08000188   Section        6  rtexit2.o(.ARM.Collect$$rtexit$$00000004)
    .emb_text                                0x08000190   Section        0  maybetermalloc1.o(.emb_text)
    .text                                    0x08000190   Section        0  main.o(.text)
    .text                                    0x08000674   Section        0  stm32f10x_it.o(.text)
    .text                                    0x08000764   Section        0  misc.o(.text)
    .text                                    0x08000840   Section        0  stm32f10x_gpio.o(.text)
    .text                                    0x08000b9c   Section        0  stm32f10x_rcc.o(.text)
    .text                                    0x08000f40   Section        0  stm32f10x_usart.o(.text)
    .text                                    0x08001348   Section        0  stm32f10x_spi.o(.text)
    .text                                    0x08001654   Section        0  nrf24.o(.text)
    nRF24_ReadReg                            0x08001655   Thumb Code    44  nrf24.o(.text)
    nRF24_ReadReg_1                          0x08001681   Thumb Code    40  nrf24.o(.text)
    nRF24_WriteReg                           0x080016a9   Thumb Code    80  nrf24.o(.text)
    nRF24_WriteReg_1                         0x080016f9   Thumb Code    76  nrf24.o(.text)
    nRF24_ReadMBReg                          0x08001745   Thumb Code    58  nrf24.o(.text)
    nRF24_ReadMBReg_1                        0x0800177f   Thumb Code    54  nrf24.o(.text)
    nRF24_WriteMBReg                         0x080017b5   Thumb Code    56  nrf24.o(.text)
    nRF24_WriteMBReg_1                       0x080017ed   Thumb Code    52  nrf24.o(.text)
    .text                                    0x08001f9c   Section        0  nrf24_hal.o(.text)
    .text                                    0x080020ac   Section        0  uart.o(.text)
    .text                                    0x080023f0   Section        0  delay.o(.text)
    .text                                    0x08002464   Section        0  stm32f10x_exti.o(.text)
    .text                                    0x08002580   Section        0  system_stm32f10x.o(.text)
    SetSysClockTo72                          0x08002581   Thumb Code   214  system_stm32f10x.o(.text)
    SetSysClock                              0x08002657   Thumb Code     8  system_stm32f10x.o(.text)
    .text                                    0x08002760   Section       64  startup_stm32f10x_md.o(.text)
    .text                                    0x080027a0   Section        0  retarget_io.o(.text)
    stdin_getchar                            0x080027a1   Thumb Code     8  retarget_io.o(.text)
    stdout_putchar                           0x080027a9   Thumb Code     4  retarget_io.o(.text)
    .text                                    0x08002944   Section        0  h1_alloc.o(.text)
    .text                                    0x080029a2   Section        0  h1_free.o(.text)
    .text                                    0x080029f0   Section      138  rt_memcpy_v6.o(.text)
    .text                                    0x08002a7c   Section      128  strcmpv7m.o(.text)
    .text                                    0x08002afc   Section        0  heapauxi.o(.text)
    .text                                    0x08002b04   Section        8  rt_heap_descriptor_intlibspace.o(.text)
    .text                                    0x08002b0c   Section        0  hguard.o(.text)
    .text                                    0x08002b10   Section        0  init_alloc.o(.text)
    .text                                    0x08002b9a   Section        0  h1_init.o(.text)
    .text                                    0x08002ba8   Section      100  rt_memcpy_w.o(.text)
    .text                                    0x08002c0c   Section        8  libspace.o(.text)
    .text                                    0x08002c14   Section        0  h1_extend.o(.text)
    .text                                    0x08002c48   Section        0  defsig_rtmem_outer.o(.text)
    .text                                    0x08002c56   Section        2  use_no_semi.o(.text)
    .text                                    0x08002c58   Section        0  indicate_semi.o(.text)
    .text                                    0x08002c58   Section       74  sys_stackheap_outer.o(.text)
    .text                                    0x08002ca2   Section        0  exit.o(.text)
    .text                                    0x08002cb4   Section        0  defsig_exit.o(.text)
    .text                                    0x08002cc0   Section        0  defsig_rtmem_inner.o(.text)
    .text                                    0x08002d10   Section        0  sys_exit.o(.text)
    .text                                    0x08002d1c   Section        0  defsig_general.o(.text)
    .constdata                               0x08002d4e   Section       19  main.o(.constdata)
    nRF24_RX_PW_PIPE                         0x08002d4e   Data           6  main.o(.constdata)
    nRF24_ADDR_REGS                          0x08002d54   Data           7  main.o(.constdata)
    nRF24_ADDR                               0x08002d5b   Data           3  main.o(.constdata)
    nRF24_ADDR_1                             0x08002d5e   Data           3  main.o(.constdata)
    .constdata                               0x08002d61   Section       13  nrf24.o(.constdata)
    nRF24_RX_PW_PIPE                         0x08002d61   Data           6  nrf24.o(.constdata)
    nRF24_ADDR_REGS                          0x08002d67   Data           7  nrf24.o(.constdata)
    .data                                    0x20000000   Section       15  main.o(.data)
    .data                                    0x2000000f   Section        2  stm32f10x_it.o(.data)
    .data                                    0x20000011   Section       20  stm32f10x_rcc.o(.data)
    APBAHBPrescTable                         0x20000011   Data          16  stm32f10x_rcc.o(.data)
    ADCPrescTable                            0x20000021   Data           4  stm32f10x_rcc.o(.data)
    .data                                    0x20000028   Section       20  system_stm32f10x.o(.data)
    .bss                                     0x2000003c   Section       64  main.o(.bss)
    .bss                                     0x2000007c   Section       96  libspace.o(.bss)
    HEAP                                     0x200000e0   Section      512  startup_stm32f10x_md.o(HEAP)
    Heap_Mem                                 0x200000e0   Data         512  startup_stm32f10x_md.o(HEAP)
    STACK                                    0x200002e0   Section     1024  startup_stm32f10x_md.o(STACK)
    Stack_Mem                                0x200002e0   Data        1024  startup_stm32f10x_md.o(STACK)
    __initial_sp                             0x200006e0   Data           0  startup_stm32f10x_md.o(STACK)

    Global Symbols

    Symbol Name                              Value     Ov Type        Size  Object(Section)

    BuildAttributes$$THM_ISAv4$P$D$K$B$S$PE$A:L22UL41UL21$X:L11$S22US41US21$IEEE1$IW$USESV6$~STKCKD$USESV7$~SHL$OTIME$ROPI$EBA8$UX$STANDARDLIB$REQ8$PRES8$EABIv2 0x00000000   Number         0  anon$$obj.o ABSOLUTE
    __ARM_use_no_argv                        0x00000000   Number         0  main.o ABSOLUTE
    __ARM_exceptions_init                     - Undefined Weak Reference
    __alloca_initialize                       - Undefined Weak Reference
    __arm_preinit_                            - Undefined Weak Reference
    __cpp_initialize__aeabi_                  - Undefined Weak Reference
    __cxa_finalize                            - Undefined Weak Reference
    __rt_locale                               - Undefined Weak Reference
    __sigvec_lookup                           - Undefined Weak Reference
    __user_heap_extent                        - Undefined Weak Reference
    _atexit_init                              - Undefined Weak Reference
    _call_atexit_fns                          - Undefined Weak Reference
    _clock_init                               - Undefined Weak Reference
    _fp_trap_init                             - Undefined Weak Reference
    _fp_trap_shutdown                         - Undefined Weak Reference
    _get_lc_collate                           - Undefined Weak Reference
    _get_lc_ctype                             - Undefined Weak Reference
    _get_lc_monetary                          - Undefined Weak Reference
    _get_lc_numeric                           - Undefined Weak Reference
    _get_lc_time                              - Undefined Weak Reference
    _getenv_init                              - Undefined Weak Reference
    _handle_redirection                       - Undefined Weak Reference
    _initio                                   - Undefined Weak Reference
    _mutex_acquire                            - Undefined Weak Reference
    _mutex_free                               - Undefined Weak Reference
    _mutex_release                            - Undefined Weak Reference
    _rand_init                                - Undefined Weak Reference
    _signal_finish                            - Undefined Weak Reference
    _signal_init                              - Undefined Weak Reference
    _terminateio                              - Undefined Weak Reference
    __Vectors_Size                           0x000000ec   Number         0  startup_stm32f10x_md.o ABSOLUTE
    __Vectors                                0x08000000   Data           4  startup_stm32f10x_md.o(RESET)
    __Vectors_End                            0x080000ec   Data           0  startup_stm32f10x_md.o(RESET)
    __main                                   0x080000ed   Thumb Code     8  __main.o(!!!main)
    __scatterload                            0x080000f5   Thumb Code     0  __scatter.o(!!!scatter)
    __scatterload_rt2                        0x080000f5   Thumb Code    44  __scatter.o(!!!scatter)
    __scatterload_rt2_thumb_only             0x080000f5   Thumb Code     0  __scatter.o(!!!scatter)
    __scatterload_null                       0x08000103   Thumb Code     0  __scatter.o(!!!scatter)
    __scatterload_copy                       0x08000129   Thumb Code    26  __scatter_copy.o(!!handler_copy)
    __scatterload_zeroinit                   0x08000145   Thumb Code    28  __scatter_zi.o(!!handler_zi)
    __rt_lib_init                            0x08000161   Thumb Code     0  libinit.o(.ARM.Collect$$libinit$$00000000)
    __rt_lib_init_fp_1                       0x08000163   Thumb Code     0  libinit2.o(.ARM.Collect$$libinit$$00000002)
    __rt_lib_init_heap_2                     0x08000163   Thumb Code     0  libinit2.o(.ARM.Collect$$libinit$$00000005)
    __rt_lib_init_preinit_1                  0x08000163   Thumb Code     0  libinit2.o(.ARM.Collect$$libinit$$00000004)
    __rt_lib_init_alloca_1                   0x0800016b   Thumb Code     0  libinit2.o(.ARM.Collect$$libinit$$0000002E)
    __rt_lib_init_argv_1                     0x0800016b   Thumb Code     0  libinit2.o(.ARM.Collect$$libinit$$0000002C)
    __rt_lib_init_atexit_1                   0x0800016b   Thumb Code     0  libinit2.o(.ARM.Collect$$libinit$$0000001B)
    __rt_lib_init_clock_1                    0x0800016b   Thumb Code     0  libinit2.o(.ARM.Collect$$libinit$$00000021)
    __rt_lib_init_cpp_1                      0x0800016b   Thumb Code     0  libinit2.o(.ARM.Collect$$libinit$$00000032)
    __rt_lib_init_exceptions_1               0x0800016b   Thumb Code     0  libinit2.o(.ARM.Collect$$libinit$$00000030)
    __rt_lib_init_fp_trap_1                  0x0800016b   Thumb Code     0  libinit2.o(.ARM.Collect$$libinit$$0000001F)
    __rt_lib_init_getenv_1                   0x0800016b   Thumb Code     0  libinit2.o(.ARM.Collect$$libinit$$00000023)
    __rt_lib_init_heap_1                     0x0800016b   Thumb Code     0  libinit2.o(.ARM.Collect$$libinit$$0000000A)
    __rt_lib_init_lc_collate_1               0x0800016b   Thumb Code     0  libinit2.o(.ARM.Collect$$libinit$$00000011)
    __rt_lib_init_lc_ctype_1                 0x0800016b   Thumb Code     0  libinit2.o(.ARM.Collect$$libinit$$00000013)
    __rt_lib_init_lc_monetary_1              0x0800016b   Thumb Code     0  libinit2.o(.ARM.Collect$$libinit$$00000015)
    __rt_lib_init_lc_numeric_1               0x0800016b   Thumb Code     0  libinit2.o(.ARM.Collect$$libinit$$00000017)
    __rt_lib_init_lc_time_1                  0x0800016b   Thumb Code     0  libinit2.o(.ARM.Collect$$libinit$$00000019)
    __rt_lib_init_rand_1                     0x0800016b   Thumb Code     0  libinit2.o(.ARM.Collect$$libinit$$0000000E)
    __rt_lib_init_return                     0x0800016b   Thumb Code     0  libinit2.o(.ARM.Collect$$libinit$$00000033)
    __rt_lib_init_signal_1                   0x0800016b   Thumb Code     0  libinit2.o(.ARM.Collect$$libinit$$0000001D)
    __rt_lib_init_stdio_1                    0x0800016b   Thumb Code     0  libinit2.o(.ARM.Collect$$libinit$$00000025)
    __rt_lib_init_user_alloc_1               0x0800016b   Thumb Code     0  libinit2.o(.ARM.Collect$$libinit$$0000000C)
    __rt_lib_shutdown                        0x0800016d   Thumb Code     0  libshutdown.o(.ARM.Collect$$libshutdown$$00000000)
    __rt_lib_shutdown_cpp_1                  0x0800016f   Thumb Code     0  libshutdown2.o(.ARM.Collect$$libshutdown$$00000002)
    __rt_lib_shutdown_fp_trap_1              0x0800016f   Thumb Code     0  libshutdown2.o(.ARM.Collect$$libshutdown$$00000007)
    __rt_lib_shutdown_heap_1                 0x0800016f   Thumb Code     0  libshutdown2.o(.ARM.Collect$$libshutdown$$0000000F)
    __rt_lib_shutdown_return                 0x0800016f   Thumb Code     0  libshutdown2.o(.ARM.Collect$$libshutdown$$00000010)
    __rt_lib_shutdown_signal_1               0x0800016f   Thumb Code     0  libshutdown2.o(.ARM.Collect$$libshutdown$$0000000A)
    __rt_lib_shutdown_stdio_1                0x0800016f   Thumb Code     0  libshutdown2.o(.ARM.Collect$$libshutdown$$00000004)
    __rt_lib_shutdown_user_alloc_1           0x0800016f   Thumb Code     0  libshutdown2.o(.ARM.Collect$$libshutdown$$0000000C)
    __rt_entry                               0x08000171   Thumb Code     0  __rtentry.o(.ARM.Collect$$rtentry$$00000000)
    __rt_entry_presh_1                       0x08000171   Thumb Code     0  __rtentry2.o(.ARM.Collect$$rtentry$$00000002)
    __rt_entry_sh                            0x08000171   Thumb Code     0  __rtentry4.o(.ARM.Collect$$rtentry$$00000004)
    __rt_entry_li                            0x08000177   Thumb Code     0  __rtentry2.o(.ARM.Collect$$rtentry$$0000000A)
    __rt_entry_postsh_1                      0x08000177   Thumb Code     0  __rtentry2.o(.ARM.Collect$$rtentry$$00000009)
    __rt_entry_main                          0x0800017b   Thumb Code     0  __rtentry2.o(.ARM.Collect$$rtentry$$0000000D)
    __rt_entry_postli_1                      0x0800017b   Thumb Code     0  __rtentry2.o(.ARM.Collect$$rtentry$$0000000C)
    __rt_exit                                0x08000183   Thumb Code     0  rtexit.o(.ARM.Collect$$rtexit$$00000000)
    __rt_exit_ls                             0x08000185   Thumb Code     0  rtexit2.o(.ARM.Collect$$rtexit$$00000003)
    __rt_exit_prels_1                        0x08000185   Thumb Code     0  rtexit2.o(.ARM.Collect$$rtexit$$00000002)
    __rt_exit_exit                           0x08000189   Thumb Code     0  rtexit2.o(.ARM.Collect$$rtexit$$00000004)
    _maybe_terminate_alloc                   0x08000191   Thumb Code     0  maybetermalloc1.o(.emb_text)
    nRF24_TransmitPacket                     0x08000191   Thumb Code   196  main.o(.text)
    main                                     0x08000255   Thumb Code  1046  main.o(.text)
    NMI_Handler                              0x08000675   Thumb Code     2  stm32f10x_it.o(.text)
    HardFault_Handler                        0x08000677   Thumb Code     4  stm32f10x_it.o(.text)
    MemManage_Handler                        0x0800067b   Thumb Code     4  stm32f10x_it.o(.text)
    BusFault_Handler                         0x0800067f   Thumb Code     4  stm32f10x_it.o(.text)
    UsageFault_Handler                       0x08000683   Thumb Code     4  stm32f10x_it.o(.text)
    DebugMon_Handler                         0x08000687   Thumb Code     2  stm32f10x_it.o(.text)
    SVC_Handler                              0x08000689   Thumb Code     2  stm32f10x_it.o(.text)
    PendSV_Handler                           0x0800068b   Thumb Code     2  stm32f10x_it.o(.text)
    SysTick_Handler                          0x0800068d   Thumb Code     2  stm32f10x_it.o(.text)
    WWDG_IRQHandler                          0x0800068f   Thumb Code     2  stm32f10x_it.o(.text)
    PVD_IRQHandler                           0x08000691   Thumb Code     2  stm32f10x_it.o(.text)
    TAMPER_IRQHandler                        0x08000693   Thumb Code     2  stm32f10x_it.o(.text)
    RTC_IRQHandler                           0x08000695   Thumb Code     2  stm32f10x_it.o(.text)
    FLASH_IRQHandler                         0x08000697   Thumb Code     2  stm32f10x_it.o(.text)
    RCC_IRQHandler                           0x08000699   Thumb Code     2  stm32f10x_it.o(.text)
    EXTI0_IRQHandler                         0x0800069b   Thumb Code    44  stm32f10x_it.o(.text)
    EXTI1_IRQHandler                         0x080006c7   Thumb Code    44  stm32f10x_it.o(.text)
    EXTI2_IRQHandler                         0x080006f3   Thumb Code     2  stm32f10x_it.o(.text)
    EXTI3_IRQHandler                         0x080006f5   Thumb Code     2  stm32f10x_it.o(.text)
    EXTI4_IRQHandler                         0x080006f7   Thumb Code     2  stm32f10x_it.o(.text)
    DMA1_Channel1_IRQHandler                 0x080006f9   Thumb Code     2  stm32f10x_it.o(.text)
    DMA1_Channel2_IRQHandler                 0x080006fb   Thumb Code     2  stm32f10x_it.o(.text)
    DMA1_Channel3_IRQHandler                 0x080006fd   Thumb Code     2  stm32f10x_it.o(.text)
    DMA1_Channel4_IRQHandler                 0x080006ff   Thumb Code     2  stm32f10x_it.o(.text)
    DMA1_Channel5_IRQHandler                 0x08000701   Thumb Code     2  stm32f10x_it.o(.text)
    DMA1_Channel6_IRQHandler                 0x08000703   Thumb Code     2  stm32f10x_it.o(.text)
    DMA1_Channel7_IRQHandler                 0x08000705   Thumb Code     2  stm32f10x_it.o(.text)
    ADC1_2_IRQHandler                        0x08000707   Thumb Code     2  stm32f10x_it.o(.text)
    USB_HP_CAN_TX_IRQHandler                 0x08000709   Thumb Code     2  stm32f10x_it.o(.text)
    USB_LP_CAN_RX0_IRQHandler                0x0800070b   Thumb Code     2  stm32f10x_it.o(.text)
    CAN_RX1_IRQHandler                       0x0800070d   Thumb Code     2  stm32f10x_it.o(.text)
    CAN_SCE_IRQHandler                       0x0800070f   Thumb Code     2  stm32f10x_it.o(.text)
    EXTI9_5_IRQHandler                       0x08000711   Thumb Code     2  stm32f10x_it.o(.text)
    TIM1_BRK_IRQHandler                      0x08000713   Thumb Code     2  stm32f10x_it.o(.text)
    TIM1_UP_IRQHandler                       0x08000715   Thumb Code     2  stm32f10x_it.o(.text)
    TIM1_TRG_COM_IRQHandler                  0x08000717   Thumb Code     2  stm32f10x_it.o(.text)
    TIM1_CC_IRQHandler                       0x08000719   Thumb Code     2  stm32f10x_it.o(.text)
    TIM2_IRQHandler                          0x0800071b   Thumb Code     2  stm32f10x_it.o(.text)
    TIM3_IRQHandler                          0x0800071d   Thumb Code     2  stm32f10x_it.o(.text)
    TIM4_IRQHandler                          0x0800071f   Thumb Code     2  stm32f10x_it.o(.text)
    I2C1_EV_IRQHandler                       0x08000721   Thumb Code     2  stm32f10x_it.o(.text)
    I2C1_ER_IRQHandler                       0x08000723   Thumb Code     2  stm32f10x_it.o(.text)
    I2C2_EV_IRQHandler                       0x08000725   Thumb Code     2  stm32f10x_it.o(.text)
    I2C2_ER_IRQHandler                       0x08000727   Thumb Code     2  stm32f10x_it.o(.text)
    SPI1_IRQHandler                          0x08000729   Thumb Code     2  stm32f10x_it.o(.text)
    SPI2_IRQHandler                          0x0800072b   Thumb Code     2  stm32f10x_it.o(.text)
    USART1_IRQHandler                        0x0800072d   Thumb Code     2  stm32f10x_it.o(.text)
    USART2_IRQHandler                        0x0800072f   Thumb Code     2  stm32f10x_it.o(.text)
    USART3_IRQHandler                        0x08000731   Thumb Code     2  stm32f10x_it.o(.text)
    EXTI15_10_IRQHandler                     0x08000733   Thumb Code     2  stm32f10x_it.o(.text)
    RTCAlarm_IRQHandler                      0x08000735   Thumb Code     2  stm32f10x_it.o(.text)
    USBWakeUp_IRQHandler                     0x08000737   Thumb Code     2  stm32f10x_it.o(.text)
    TIM8_BRK_IRQHandler                      0x08000739   Thumb Code     2  stm32f10x_it.o(.text)
    TIM8_UP_IRQHandler                       0x0800073b   Thumb Code     2  stm32f10x_it.o(.text)
    TIM8_TRG_COM_IRQHandler                  0x0800073d   Thumb Code     2  stm32f10x_it.o(.text)
    TIM8_CC_IRQHandler                       0x0800073f   Thumb Code     2  stm32f10x_it.o(.text)
    ADC3_IRQHandler                          0x08000741   Thumb Code     2  stm32f10x_it.o(.text)
    FSMC_IRQHandler                          0x08000743   Thumb Code     2  stm32f10x_it.o(.text)
    SDIO_IRQHandler                          0x08000745   Thumb Code     2  stm32f10x_it.o(.text)
    TIM5_IRQHandler                          0x08000747   Thumb Code     2  stm32f10x_it.o(.text)
    SPI3_IRQHandler                          0x08000749   Thumb Code     2  stm32f10x_it.o(.text)
    UART4_IRQHandler                         0x0800074b   Thumb Code     2  stm32f10x_it.o(.text)
    UART5_IRQHandler                         0x0800074d   Thumb Code     2  stm32f10x_it.o(.text)
    TIM6_IRQHandler                          0x0800074f   Thumb Code     2  stm32f10x_it.o(.text)
    TIM7_IRQHandler                          0x08000751   Thumb Code     2  stm32f10x_it.o(.text)
    DMA2_Channel1_IRQHandler                 0x08000753   Thumb Code     2  stm32f10x_it.o(.text)
    DMA2_Channel2_IRQHandler                 0x08000755   Thumb Code     2  stm32f10x_it.o(.text)
    DMA2_Channel3_IRQHandler                 0x08000757   Thumb Code     2  stm32f10x_it.o(.text)
    DMA2_Channel4_5_IRQHandler               0x08000759   Thumb Code     2  stm32f10x_it.o(.text)
    NVIC_PriorityGroupConfig                 0x08000765   Thumb Code    10  misc.o(.text)
    NVIC_Init                                0x0800076f   Thumb Code   100  misc.o(.text)
    NVIC_SetVectorTable                      0x080007d3   Thumb Code    14  misc.o(.text)
    NVIC_SystemLPConfig                      0x080007e1   Thumb Code    34  misc.o(.text)
    SysTick_CLKSourceConfig                  0x08000803   Thumb Code    40  misc.o(.text)
    GPIO_DeInit                              0x08000841   Thumb Code   172  stm32f10x_gpio.o(.text)
    GPIO_AFIODeInit                          0x080008ed   Thumb Code    20  stm32f10x_gpio.o(.text)
    GPIO_Init                                0x08000901   Thumb Code   278  stm32f10x_gpio.o(.text)
    GPIO_StructInit                          0x08000a17   Thumb Code    16  stm32f10x_gpio.o(.text)
    GPIO_ReadInputDataBit                    0x08000a27   Thumb Code    18  stm32f10x_gpio.o(.text)
    GPIO_ReadInputData                       0x08000a39   Thumb Code     8  stm32f10x_gpio.o(.text)
    GPIO_ReadOutputDataBit                   0x08000a41   Thumb Code    18  stm32f10x_gpio.o(.text)
    GPIO_ReadOutputData                      0x08000a53   Thumb Code     8  stm32f10x_gpio.o(.text)
    GPIO_SetBits                             0x08000a5b   Thumb Code     4  stm32f10x_gpio.o(.text)
    GPIO_ResetBits                           0x08000a5f   Thumb Code     4  stm32f10x_gpio.o(.text)
    GPIO_WriteBit                            0x08000a63   Thumb Code    10  stm32f10x_gpio.o(.text)
    GPIO_Write                               0x08000a6d   Thumb Code     4  stm32f10x_gpio.o(.text)
    GPIO_PinLockConfig                       0x08000a71   Thumb Code    18  stm32f10x_gpio.o(.text)
    GPIO_EventOutputConfig                   0x08000a83   Thumb Code    26  stm32f10x_gpio.o(.text)
    GPIO_EventOutputCmd                      0x08000a9d   Thumb Code     6  stm32f10x_gpio.o(.text)
    GPIO_PinRemapConfig                      0x08000aa3   Thumb Code   138  stm32f10x_gpio.o(.text)
    GPIO_EXTILineConfig                      0x08000b2d   Thumb Code    66  stm32f10x_gpio.o(.text)
    GPIO_ETH_MediaInterfaceConfig            0x08000b6f   Thumb Code     8  stm32f10x_gpio.o(.text)
    RCC_DeInit                               0x08000b9d   Thumb Code    64  stm32f10x_rcc.o(.text)
    RCC_HSEConfig                            0x08000bdd   Thumb Code    70  stm32f10x_rcc.o(.text)
    RCC_GetFlagStatus                        0x08000c23   Thumb Code    56  stm32f10x_rcc.o(.text)
    RCC_WaitForHSEStartUp                    0x08000c5b   Thumb Code    56  stm32f10x_rcc.o(.text)
    RCC_AdjustHSICalibrationValue            0x08000c93   Thumb Code    20  stm32f10x_rcc.o(.text)
    RCC_HSICmd                               0x08000ca7   Thumb Code     6  stm32f10x_rcc.o(.text)
    RCC_PLLConfig                            0x08000cad   Thumb Code    24  stm32f10x_rcc.o(.text)
    RCC_PLLCmd                               0x08000cc5   Thumb Code     6  stm32f10x_rcc.o(.text)
    RCC_SYSCLKConfig                         0x08000ccb   Thumb Code    18  stm32f10x_rcc.o(.text)
    RCC_GetSYSCLKSource                      0x08000cdd   Thumb Code    10  stm32f10x_rcc.o(.text)
    RCC_HCLKConfig                           0x08000ce7   Thumb Code    18  stm32f10x_rcc.o(.text)
    RCC_PCLK1Config                          0x08000cf9   Thumb Code    18  stm32f10x_rcc.o(.text)
    RCC_PCLK2Config                          0x08000d0b   Thumb Code    20  stm32f10x_rcc.o(.text)
    RCC_ITConfig                             0x08000d1f   Thumb Code    26  stm32f10x_rcc.o(.text)
    RCC_USBCLKConfig                         0x08000d39   Thumb Code     8  stm32f10x_rcc.o(.text)
    RCC_ADCCLKConfig                         0x08000d41   Thumb Code    18  stm32f10x_rcc.o(.text)
    RCC_LSEConfig                            0x08000d53   Thumb Code    50  stm32f10x_rcc.o(.text)
    RCC_LSICmd                               0x08000d85   Thumb Code     6  stm32f10x_rcc.o(.text)
    RCC_RTCCLKConfig                         0x08000d8b   Thumb Code    12  stm32f10x_rcc.o(.text)
    RCC_RTCCLKCmd                            0x08000d97   Thumb Code     8  stm32f10x_rcc.o(.text)
    RCC_GetClocksFreq                        0x08000d9f   Thumb Code   192  stm32f10x_rcc.o(.text)
    RCC_AHBPeriphClockCmd                    0x08000e5f   Thumb Code    26  stm32f10x_rcc.o(.text)
    RCC_APB2PeriphClockCmd                   0x08000e79   Thumb Code    26  stm32f10x_rcc.o(.text)
    RCC_APB1PeriphClockCmd                   0x08000e93   Thumb Code    26  stm32f10x_rcc.o(.text)
    RCC_APB2PeriphResetCmd                   0x08000ead   Thumb Code    26  stm32f10x_rcc.o(.text)
    RCC_APB1PeriphResetCmd                   0x08000ec7   Thumb Code    26  stm32f10x_rcc.o(.text)
    RCC_BackupResetCmd                       0x08000ee1   Thumb Code     8  stm32f10x_rcc.o(.text)
    RCC_ClockSecuritySystemCmd               0x08000ee9   Thumb Code     6  stm32f10x_rcc.o(.text)
    RCC_MCOConfig                            0x08000eef   Thumb Code     6  stm32f10x_rcc.o(.text)
    RCC_ClearFlag                            0x08000ef5   Thumb Code    14  stm32f10x_rcc.o(.text)
    RCC_GetITStatus                          0x08000f03   Thumb Code    20  stm32f10x_rcc.o(.text)
    RCC_ClearITPendingBit                    0x08000f17   Thumb Code     6  stm32f10x_rcc.o(.text)
    USART_DeInit                             0x08000f41   Thumb Code   134  stm32f10x_usart.o(.text)
    USART_Init                               0x08000fc7   Thumb Code   210  stm32f10x_usart.o(.text)
    USART_StructInit                         0x08001099   Thumb Code    24  stm32f10x_usart.o(.text)
    USART_ClockInit                          0x080010b1   Thumb Code    34  stm32f10x_usart.o(.text)
    USART_ClockStructInit                    0x080010d3   Thumb Code    12  stm32f10x_usart.o(.text)
    USART_Cmd                                0x080010df   Thumb Code    24  stm32f10x_usart.o(.text)
    USART_ITConfig                           0x080010f7   Thumb Code    74  stm32f10x_usart.o(.text)
    USART_DMACmd                             0x08001141   Thumb Code    18  stm32f10x_usart.o(.text)
    USART_SetAddress                         0x08001153   Thumb Code    18  stm32f10x_usart.o(.text)
    USART_WakeUpConfig                       0x08001165   Thumb Code    18  stm32f10x_usart.o(.text)
    USART_ReceiverWakeUpCmd                  0x08001177   Thumb Code    24  stm32f10x_usart.o(.text)
    USART_LINBreakDetectLengthConfig         0x0800118f   Thumb Code    18  stm32f10x_usart.o(.text)
    USART_LINCmd                             0x080011a1   Thumb Code    24  stm32f10x_usart.o(.text)
    USART_SendData                           0x080011b9   Thumb Code     8  stm32f10x_usart.o(.text)
    USART_ReceiveData                        0x080011c1   Thumb Code    10  stm32f10x_usart.o(.text)
    USART_SendBreak                          0x080011cb   Thumb Code    10  stm32f10x_usart.o(.text)
    USART_SetGuardTime                       0x080011d5   Thumb Code    16  stm32f10x_usart.o(.text)
    USART_SetPrescaler                       0x080011e5   Thumb Code    16  stm32f10x_usart.o(.text)
    USART_SmartCardCmd                       0x080011f5   Thumb Code    24  stm32f10x_usart.o(.text)
    USART_SmartCardNACKCmd                   0x0800120d   Thumb Code    24  stm32f10x_usart.o(.text)
    USART_HalfDuplexCmd                      0x08001225   Thumb Code    24  stm32f10x_usart.o(.text)
    USART_OverSampling8Cmd                   0x0800123d   Thumb Code    22  stm32f10x_usart.o(.text)
    USART_OneBitMethodCmd                    0x08001253   Thumb Code    24  stm32f10x_usart.o(.text)
    USART_IrDAConfig                         0x0800126b   Thumb Code    18  stm32f10x_usart.o(.text)
    USART_IrDACmd                            0x0800127d   Thumb Code    24  stm32f10x_usart.o(.text)
    USART_GetFlagStatus                      0x08001295   Thumb Code    26  stm32f10x_usart.o(.text)
    USART_ClearFlag                          0x080012af   Thumb Code    18  stm32f10x_usart.o(.text)
    USART_GetITStatus                        0x080012c1   Thumb Code    84  stm32f10x_usart.o(.text)
    USART_ClearITPendingBit                  0x08001315   Thumb Code    52  stm32f10x_usart.o(.text)
    SPI_I2S_DeInit                           0x08001349   Thumb Code    76  stm32f10x_spi.o(.text)
    SPI_Init                                 0x08001395   Thumb Code    60  stm32f10x_spi.o(.text)
    I2S_Init                                 0x080013d1   Thumb Code   226  stm32f10x_spi.o(.text)
    SPI_StructInit                           0x080014b3   Thumb Code    24  stm32f10x_spi.o(.text)
    I2S_StructInit                           0x080014cb   Thumb Code    20  stm32f10x_spi.o(.text)
    SPI_Cmd                                  0x080014df   Thumb Code    24  stm32f10x_spi.o(.text)
    I2S_Cmd                                  0x080014f7   Thumb Code    24  stm32f10x_spi.o(.text)
    SPI_I2S_ITConfig                         0x0800150f   Thumb Code    32  stm32f10x_spi.o(.text)
    SPI_I2S_DMACmd                           0x0800152f   Thumb Code    18  stm32f10x_spi.o(.text)
    SPI_I2S_SendData                         0x08001541   Thumb Code     4  stm32f10x_spi.o(.text)
    SPI_I2S_ReceiveData                      0x08001545   Thumb Code     6  stm32f10x_spi.o(.text)
    SPI_NSSInternalSoftwareConfig            0x0800154b   Thumb Code    30  stm32f10x_spi.o(.text)
    SPI_SSOutputCmd                          0x08001569   Thumb Code    24  stm32f10x_spi.o(.text)
    SPI_DataSizeConfig                       0x08001581   Thumb Code    18  stm32f10x_spi.o(.text)
    SPI_TransmitCRC                          0x08001593   Thumb Code    10  stm32f10x_spi.o(.text)
    SPI_CalculateCRC                         0x0800159d   Thumb Code    24  stm32f10x_spi.o(.text)
    SPI_GetCRC                               0x080015b5   Thumb Code    16  stm32f10x_spi.o(.text)
    SPI_GetCRCPolynomial                     0x080015c5   Thumb Code     6  stm32f10x_spi.o(.text)
    SPI_BiDirectionalLineConfig              0x080015cb   Thumb Code    28  stm32f10x_spi.o(.text)
    SPI_I2S_GetFlagStatus                    0x080015e7   Thumb Code    18  stm32f10x_spi.o(.text)
    SPI_I2S_ClearFlag                        0x080015f9   Thumb Code     6  stm32f10x_spi.o(.text)
    SPI_I2S_GetITStatus                      0x080015ff   Thumb Code    52  stm32f10x_spi.o(.text)
    SPI_I2S_ClearITPendingBit                0x08001633   Thumb Code    20  stm32f10x_spi.o(.text)
    nRF24_ClearIRQFlags                      0x08001821   Thumb Code    24  nrf24.o(.text)
    nRF24_FlushTX                            0x08001839   Thumb Code    12  nrf24.o(.text)
    nRF24_FlushRX                            0x08001845   Thumb Code    12  nrf24.o(.text)
    nRF24_Init                               0x08001851   Thumb Code   154  nrf24.o(.text)
    nRF24_Init_1                             0x080018eb   Thumb Code   152  nrf24.o(.text)
    nRF24_Check                              0x08001983   Thumb Code    56  nrf24.o(.text)
    nRF24_Check_1                            0x080019bb   Thumb Code    56  nrf24.o(.text)
    nRF24_SetPowerMode                       0x080019f3   Thumb Code    36  nrf24.o(.text)
    nRF24_SetPowerMode_1                     0x08001a17   Thumb Code    54  nrf24.o(.text)
    nRF24_SetOperationalMode                 0x08001a4d   Thumb Code    32  nrf24.o(.text)
    nRF24_SetOperationalMode_1               0x08001a6d   Thumb Code    32  nrf24.o(.text)
    nRF24_SetCRCScheme                       0x08001a8d   Thumb Code    32  nrf24.o(.text)
    nRF24_SetCRCScheme_1                     0x08001aad   Thumb Code    32  nrf24.o(.text)
    nRF24_SetRFChannel                       0x08001acd   Thumb Code    14  nrf24.o(.text)
    nRF24_SetRFChannel_1                     0x08001adb   Thumb Code    14  nrf24.o(.text)
    nRF24_SetAutoRetr                        0x08001ae9   Thumb Code    22  nrf24.o(.text)
    nRF24_SetAutoRetr_1                      0x08001aff   Thumb Code    22  nrf24.o(.text)
    nRF24_SetAddrWidth                       0x08001b15   Thumb Code    16  nrf24.o(.text)
    nRF24_SetAddrWidth_1                     0x08001b25   Thumb Code    16  nrf24.o(.text)
    nRF24_SetAddr                            0x08001b35   Thumb Code   116  nrf24.o(.text)
    nRF24_SetAddr_1                          0x08001ba9   Thumb Code   112  nrf24.o(.text)
    nRF24_SetTXPower                         0x08001c19   Thumb Code    28  nrf24.o(.text)
    nRF24_SetTXPower_1                       0x08001c35   Thumb Code    28  nrf24.o(.text)
    nRF24_SetDataRate                        0x08001c51   Thumb Code    28  nrf24.o(.text)
    nRF24_SetDataRate_1                      0x08001c6d   Thumb Code    28  nrf24.o(.text)
    nRF24_SetRXPipe                          0x08001c89   Thumb Code    86  nrf24.o(.text)
    nRF24_SetRXPipe_1                        0x08001cdf   Thumb Code    86  nrf24.o(.text)
    nRF24_ClosePipe                          0x08001d35   Thumb Code    32  nrf24.o(.text)
    nRF24_ClosePipe_1                        0x08001d55   Thumb Code    32  nrf24.o(.text)
    nRF24_EnableAA                           0x08001d75   Thumb Code    30  nrf24.o(.text)
    nRF24_EnableAA_1                         0x08001d93   Thumb Code    30  nrf24.o(.text)
    nRF24_DisableAA                          0x08001db1   Thumb Code    42  nrf24.o(.text)
    nRF24_DisableAA_1                        0x08001ddb   Thumb Code    42  nrf24.o(.text)
    nRF24_GetStatus                          0x08001e05   Thumb Code    10  nrf24.o(.text)
    nRF24_GetStatus_1                        0x08001e0f   Thumb Code    10  nrf24.o(.text)
    nRF24_GetIRQFlags                        0x08001e19   Thumb Code    14  nrf24.o(.text)
    nRF24_GetIRQFlags_1                      0x08001e27   Thumb Code    14  nrf24.o(.text)
    nRF24_GetStatus_RXFIFO                   0x08001e35   Thumb Code    14  nrf24.o(.text)
    nRF24_GetStatus_RXFIFO_1                 0x08001e43   Thumb Code    14  nrf24.o(.text)
    nRF24_GetStatus_TXFIFO                   0x08001e51   Thumb Code    14  nrf24.o(.text)
    nRF24_GetStatus_TXFIFO_1                 0x08001e5f   Thumb Code    14  nrf24.o(.text)
    nRF24_GetRXSource                        0x08001e6d   Thumb Code    14  nrf24.o(.text)
    nRF24_GetRXSource_1                      0x08001e7b   Thumb Code    14  nrf24.o(.text)
    nRF24_GetRetransmitCounters              0x08001e89   Thumb Code    10  nrf24.o(.text)
    nRF24_GetRetransmitCounters_1            0x08001e93   Thumb Code    10  nrf24.o(.text)
    nRF24_ResetPLOS                          0x08001e9d   Thumb Code    20  nrf24.o(.text)
    nRF24_ResetPLOS_1                        0x08001eb1   Thumb Code    20  nrf24.o(.text)
    nRF24_FlushTX_1                          0x08001ec5   Thumb Code    12  nrf24.o(.text)
    nRF24_FlushRX_1                          0x08001ed1   Thumb Code    12  nrf24.o(.text)
    nRF24_ClearIRQFlags_1                    0x08001edd   Thumb Code    24  nrf24.o(.text)
    nRF24_WritePayload                       0x08001ef5   Thumb Code    18  nrf24.o(.text)
    nRF24_WritePayload_1                     0x08001f07   Thumb Code    18  nrf24.o(.text)
    nRF24_ReadPayload                        0x08001f19   Thumb Code    72  nrf24.o(.text)
    nRF24_ReadPayload_1                      0x08001f61   Thumb Code    56  nrf24.o(.text)
    nRF24_GPIO_Init_2                        0x08001f9d   Thumb Code    78  nrf24_hal.o(.text)
    nRF24_GPIO_Init_1                        0x08001feb   Thumb Code    72  nrf24_hal.o(.text)
    nRF24_LL_RW_2                            0x08002033   Thumb Code    50  nrf24_hal.o(.text)
    nRF24_LL_RW_1                            0x08002065   Thumb Code    50  nrf24_hal.o(.text)
    UART_Init                                0x080020ad   Thumb Code   122  uart.o(.text)
    UART_SendChar                            0x08002127   Thumb Code    28  uart.o(.text)
    UART_SendInt                             0x08002143   Thumb Code    72  uart.o(.text)
    UART_SendInt0                            0x0800218b   Thumb Code    86  uart.o(.text)
    UART_SendHex8                            0x080021e1   Thumb Code    52  uart.o(.text)
    UART_SendHex16                           0x08002215   Thumb Code    66  uart.o(.text)
    UART_SendHex32                           0x08002257   Thumb Code    46  uart.o(.text)
    UART_SendStr                             0x08002285   Thumb Code    22  uart.o(.text)
    UART_SendBuf                             0x0800229b   Thumb Code    28  uart.o(.text)
    UART_SendBufPrintable                    0x080022b7   Thumb Code    46  uart.o(.text)
    UART_SendBufHex                          0x080022e5   Thumb Code    80  uart.o(.text)
    UART_SendBufHexFancy                     0x08002335   Thumb Code   160  uart.o(.text)
    Delay_Init                               0x080023f1   Thumb Code    70  delay.o(.text)
    Delay_ms                                 0x08002437   Thumb Code    32  delay.o(.text)
    EXTI_DeInit                              0x08002465   Thumb Code    28  stm32f10x_exti.o(.text)
    EXTI_Init                                0x08002481   Thumb Code   142  stm32f10x_exti.o(.text)
    EXTI_StructInit                          0x0800250f   Thumb Code    16  stm32f10x_exti.o(.text)
    EXTI_GenerateSWInterrupt                 0x0800251f   Thumb Code    16  stm32f10x_exti.o(.text)
    EXTI_GetFlagStatus                       0x0800252f   Thumb Code    22  stm32f10x_exti.o(.text)
    EXTI_ClearFlag                           0x08002545   Thumb Code     8  stm32f10x_exti.o(.text)
    EXTI_GetITStatus                         0x0800254d   Thumb Code    34  stm32f10x_exti.o(.text)
    EXTI_ClearITPendingBit                   0x0800256f   Thumb Code     8  stm32f10x_exti.o(.text)
    SystemInit                               0x0800265f   Thumb Code    78  system_stm32f10x.o(.text)
    SystemCoreClockUpdate                    0x080026ad   Thumb Code   142  system_stm32f10x.o(.text)
    Reset_Handler                            0x08002761   Thumb Code     8  startup_stm32f10x_md.o(.text)
    CAN1_RX1_IRQHandler                      0x0800277b   Thumb Code     0  startup_stm32f10x_md.o(.text)
    CAN1_SCE_IRQHandler                      0x0800277b   Thumb Code     0  startup_stm32f10x_md.o(.text)
    USB_HP_CAN1_TX_IRQHandler                0x0800277b   Thumb Code     0  startup_stm32f10x_md.o(.text)
    USB_LP_CAN1_RX0_IRQHandler               0x0800277b   Thumb Code     0  startup_stm32f10x_md.o(.text)
    __user_initial_stackheap                 0x0800277d   Thumb Code     0  startup_stm32f10x_md.o(.text)
    _sys_open                                0x080027ad   Thumb Code    80  retarget_io.o(.text)
    _sys_close                               0x080027fd   Thumb Code    38  retarget_io.o(.text)
    _sys_write                               0x08002823   Thumb Code    70  retarget_io.o(.text)
    _sys_read                                0x08002869   Thumb Code    76  retarget_io.o(.text)
    _ttywrch                                 0x080028b5   Thumb Code     4  retarget_io.o(.text)
    _sys_istty                               0x080028b9   Thumb Code    36  retarget_io.o(.text)
    _sys_seek                                0x080028dd   Thumb Code    44  retarget_io.o(.text)
    _sys_flen                                0x08002909   Thumb Code    36  retarget_io.o(.text)
    malloc                                   0x08002945   Thumb Code    94  h1_alloc.o(.text)
    free                                     0x080029a3   Thumb Code    78  h1_free.o(.text)
    __aeabi_memcpy                           0x080029f1   Thumb Code     0  rt_memcpy_v6.o(.text)
    __rt_memcpy                              0x080029f1   Thumb Code   138  rt_memcpy_v6.o(.text)
    _memcpy_lastbytes                        0x08002a57   Thumb Code     0  rt_memcpy_v6.o(.text)
    strcmp                                   0x08002a7d   Thumb Code   128  strcmpv7m.o(.text)
    __use_two_region_memory                  0x08002afd   Thumb Code     2  heapauxi.o(.text)
    __rt_heap_escrow                         0x08002aff   Thumb Code     2  heapauxi.o(.text)
    __rt_heap_expand                         0x08002b01   Thumb Code     2  heapauxi.o(.text)
    __rt_heap_descriptor                     0x08002b05   Thumb Code     8  rt_heap_descriptor_intlibspace.o(.text)
    __use_no_heap                            0x08002b0d   Thumb Code     2  hguard.o(.text)
    __heap$guard                             0x08002b0f   Thumb Code     2  hguard.o(.text)
    _terminate_user_alloc                    0x08002b11   Thumb Code     2  init_alloc.o(.text)
    _init_user_alloc                         0x08002b13   Thumb Code     2  init_alloc.o(.text)
    __Heap_Full                              0x08002b15   Thumb Code    34  init_alloc.o(.text)
    __Heap_Broken                            0x08002b37   Thumb Code     6  init_alloc.o(.text)
    _init_alloc                              0x08002b3d   Thumb Code    94  init_alloc.o(.text)
    __Heap_Initialize                        0x08002b9b   Thumb Code    10  h1_init.o(.text)
    __Heap_DescSize                          0x08002ba5   Thumb Code     4  h1_init.o(.text)
    __aeabi_memcpy4                          0x08002ba9   Thumb Code     0  rt_memcpy_w.o(.text)
    __aeabi_memcpy8                          0x08002ba9   Thumb Code     0  rt_memcpy_w.o(.text)
    __rt_memcpy_w                            0x08002ba9   Thumb Code   100  rt_memcpy_w.o(.text)
    _memcpy_lastbytes_aligned                0x08002bf1   Thumb Code     0  rt_memcpy_w.o(.text)
    __user_libspace                          0x08002c0d   Thumb Code     8  libspace.o(.text)
    __user_perproc_libspace                  0x08002c0d   Thumb Code     0  libspace.o(.text)
    __user_perthread_libspace                0x08002c0d   Thumb Code     0  libspace.o(.text)
    __Heap_ProvideMemory                     0x08002c15   Thumb Code    52  h1_extend.o(.text)
    __rt_SIGRTMEM                            0x08002c49   Thumb Code    14  defsig_rtmem_outer.o(.text)
    __I$use$semihosting                      0x08002c57   Thumb Code     0  use_no_semi.o(.text)
    __use_no_semihosting_swi                 0x08002c57   Thumb Code     2  use_no_semi.o(.text)
    __semihosting_library_function           0x08002c59   Thumb Code     0  indicate_semi.o(.text)
    __user_setup_stackheap                   0x08002c59   Thumb Code    74  sys_stackheap_outer.o(.text)
    exit                                     0x08002ca3   Thumb Code    18  exit.o(.text)
    __sig_exit                               0x08002cb5   Thumb Code    10  defsig_exit.o(.text)
    __rt_SIGRTMEM_inner                      0x08002cc1   Thumb Code    22  defsig_rtmem_inner.o(.text)
    _sys_exit                                0x08002d11   Thumb Code     8  sys_exit.o(.text)
    __default_signal_display                 0x08002d1d   Thumb Code    50  defsig_general.o(.text)
    Region$$Table$$Base                      0x08002d70   Number         0  anon$$obj.o(Region$$Table)
    Region$$Table$$Limit                     0x08002d90   Number         0  anon$$obj.o(Region$$Table)
    i                                        0x20000000   Data           4  main.o(.data)
    j                                        0x20000004   Data           4  main.o(.data)
    k                                        0x20000008   Data           4  main.o(.data)
    pipe                                     0x2000000c   Data           1  main.o(.data)
    payload_length                           0x2000000d   Data           1  main.o(.data)
    tx_res                                   0x2000000e   Data           1  main.o(.data)
    status                                   0x2000000f   Data           1  stm32f10x_it.o(.data)
    status_1                                 0x20000010   Data           1  stm32f10x_it.o(.data)
    SystemCoreClock                          0x20000028   Data           4  system_stm32f10x.o(.data)
    AHBPrescTable                            0x2000002c   Data          16  system_stm32f10x.o(.data)
    nRF24_payload_tx                         0x2000003c   Data          32  main.o(.bss)
    nRF24_payload_rx                         0x2000005c   Data          32  main.o(.bss)
    __libspace_start                         0x2000007c   Data          96  libspace.o(.bss)
    __temporary_stack_top$libspace           0x200000dc   Data           0  libspace.o(.bss)



==============================================================================

Memory Map of the image

  Image Entry point : 0x080000ed

  Load Region LR_IROM1 (Base: 0x08000000, Size: 0x00002dcc, Max: 0x00010000, ABSOLUTE)

    Execution Region ER_IROM1 (Exec base: 0x08000000, Load base: 0x08000000, Size: 0x00002d90, Max: 0x00010000, ABSOLUTE)

    Exec Addr    Load Addr    Size         Type   Attr      Idx    E Section Name        Object

    0x08000000   0x08000000   0x000000ec   Data   RO          582    RESET               startup_stm32f10x_md.o
    0x080000ec   0x080000ec   0x00000008   Code   RO          688  * !!!main             c_w.l(__main.o)
    0x080000f4   0x080000f4   0x00000034   Code   RO          889    !!!scatter          c_w.l(__scatter.o)
    0x08000128   0x08000128   0x0000001a   Code   RO          891    !!handler_copy      c_w.l(__scatter_copy.o)
    0x08000142   0x08000142   0x00000002   PAD
    0x08000144   0x08000144   0x0000001c   Code   RO          893    !!handler_zi        c_w.l(__scatter_zi.o)
    0x08000160   0x08000160   0x00000002   Code   RO          830    .ARM.Collect$$libinit$$00000000  c_w.l(libinit.o)
    0x08000162   0x08000162   0x00000000   Code   RO          723    .ARM.Collect$$libinit$$00000002  c_w.l(libinit2.o)
    0x08000162   0x08000162   0x00000000   Code   RO          725    .ARM.Collect$$libinit$$00000004  c_w.l(libinit2.o)
    0x08000162   0x08000162   0x00000008   Code   RO          726    .ARM.Collect$$libinit$$00000005  c_w.l(libinit2.o)
    0x0800016a   0x0800016a   0x00000000   Code   RO          728    .ARM.Collect$$libinit$$0000000A  c_w.l(libinit2.o)
    0x0800016a   0x0800016a   0x00000000   Code   RO          730    .ARM.Collect$$libinit$$0000000C  c_w.l(libinit2.o)
    0x0800016a   0x0800016a   0x00000000   Code   RO          732    .ARM.Collect$$libinit$$0000000E  c_w.l(libinit2.o)
    0x0800016a   0x0800016a   0x00000000   Code   RO          735    .ARM.Collect$$libinit$$00000011  c_w.l(libinit2.o)
    0x0800016a   0x0800016a   0x00000000   Code   RO          737    .ARM.Collect$$libinit$$00000013  c_w.l(libinit2.o)
    0x0800016a   0x0800016a   0x00000000   Code   RO          739    .ARM.Collect$$libinit$$00000015  c_w.l(libinit2.o)
    0x0800016a   0x0800016a   0x00000000   Code   RO          741    .ARM.Collect$$libinit$$00000017  c_w.l(libinit2.o)
    0x0800016a   0x0800016a   0x00000000   Code   RO          743    .ARM.Collect$$libinit$$00000019  c_w.l(libinit2.o)
    0x0800016a   0x0800016a   0x00000000   Code   RO          745    .ARM.Collect$$libinit$$0000001B  c_w.l(libinit2.o)
    0x0800016a   0x0800016a   0x00000000   Code   RO          747    .ARM.Collect$$libinit$$0000001D  c_w.l(libinit2.o)
    0x0800016a   0x0800016a   0x00000000   Code   RO          749    .ARM.Collect$$libinit$$0000001F  c_w.l(libinit2.o)
    0x0800016a   0x0800016a   0x00000000   Code   RO          751    .ARM.Collect$$libinit$$00000021  c_w.l(libinit2.o)
    0x0800016a   0x0800016a   0x00000000   Code   RO          753    .ARM.Collect$$libinit$$00000023  c_w.l(libinit2.o)
    0x0800016a   0x0800016a   0x00000000   Code   RO          755    .ARM.Collect$$libinit$$00000025  c_w.l(libinit2.o)
    0x0800016a   0x0800016a   0x00000000   Code   RO          759    .ARM.Collect$$libinit$$0000002C  c_w.l(libinit2.o)
    0x0800016a   0x0800016a   0x00000000   Code   RO          761    .ARM.Collect$$libinit$$0000002E  c_w.l(libinit2.o)
    0x0800016a   0x0800016a   0x00000000   Code   RO          763    .ARM.Collect$$libinit$$00000030  c_w.l(libinit2.o)
    0x0800016a   0x0800016a   0x00000000   Code   RO          765    .ARM.Collect$$libinit$$00000032  c_w.l(libinit2.o)
    0x0800016a   0x0800016a   0x00000002   Code   RO          766    .ARM.Collect$$libinit$$00000033  c_w.l(libinit2.o)
    0x0800016c   0x0800016c   0x00000002   Code   RO          886    .ARM.Collect$$libshutdown$$00000000  c_w.l(libshutdown.o)
    0x0800016e   0x0800016e   0x00000000   Code   RO          844    .ARM.Collect$$libshutdown$$00000002  c_w.l(libshutdown2.o)
    0x0800016e   0x0800016e   0x00000000   Code   RO          846    .ARM.Collect$$libshutdown$$00000004  c_w.l(libshutdown2.o)
    0x0800016e   0x0800016e   0x00000000   Code   RO          849    .ARM.Collect$$libshutdown$$00000007  c_w.l(libshutdown2.o)
    0x0800016e   0x0800016e   0x00000000   Code   RO          852    .ARM.Collect$$libshutdown$$0000000A  c_w.l(libshutdown2.o)
    0x0800016e   0x0800016e   0x00000000   Code   RO          854    .ARM.Collect$$libshutdown$$0000000C  c_w.l(libshutdown2.o)
    0x0800016e   0x0800016e   0x00000000   Code   RO          857    .ARM.Collect$$libshutdown$$0000000F  c_w.l(libshutdown2.o)
    0x0800016e   0x0800016e   0x00000002   Code   RO          858    .ARM.Collect$$libshutdown$$00000010  c_w.l(libshutdown2.o)
    0x08000170   0x08000170   0x00000000   Code   RO          692    .ARM.Collect$$rtentry$$00000000  c_w.l(__rtentry.o)
    0x08000170   0x08000170   0x00000000   Code   RO          773    .ARM.Collect$$rtentry$$00000002  c_w.l(__rtentry2.o)
    0x08000170   0x08000170   0x00000006   Code   RO          785    .ARM.Collect$$rtentry$$00000004  c_w.l(__rtentry4.o)
    0x08000176   0x08000176   0x00000000   Code   RO          775    .ARM.Collect$$rtentry$$00000009  c_w.l(__rtentry2.o)
    0x08000176   0x08000176   0x00000004   Code   RO          776    .ARM.Collect$$rtentry$$0000000A  c_w.l(__rtentry2.o)
    0x0800017a   0x0800017a   0x00000000   Code   RO          778    .ARM.Collect$$rtentry$$0000000C  c_w.l(__rtentry2.o)
    0x0800017a   0x0800017a   0x00000008   Code   RO          779    .ARM.Collect$$rtentry$$0000000D  c_w.l(__rtentry2.o)
    0x08000182   0x08000182   0x00000002   Code   RO          833    .ARM.Collect$$rtexit$$00000000  c_w.l(rtexit.o)
    0x08000184   0x08000184   0x00000000   Code   RO          860    .ARM.Collect$$rtexit$$00000002  c_w.l(rtexit2.o)
    0x08000184   0x08000184   0x00000004   Code   RO          861    .ARM.Collect$$rtexit$$00000003  c_w.l(rtexit2.o)
    0x08000188   0x08000188   0x00000006   Code   RO          862    .ARM.Collect$$rtexit$$00000004  c_w.l(rtexit2.o)
    0x0800018e   0x0800018e   0x00000002   PAD
    0x08000190   0x08000190   0x00000000   Code   RO          789    .emb_text           c_w.l(maybetermalloc1.o)
    0x08000190   0x08000190   0x000004e4   Code   RO            1    .text               main.o
    0x08000674   0x08000674   0x000000f0   Code   RO          122    .text               stm32f10x_it.o
    0x08000764   0x08000764   0x000000dc   Code   RO          223    .text               misc.o
    0x08000840   0x08000840   0x0000035c   Code   RO          318    .text               stm32f10x_gpio.o
    0x08000b9c   0x08000b9c   0x000003a4   Code   RO          336    .text               stm32f10x_rcc.o
    0x08000f40   0x08000f40   0x00000408   Code   RO          353    .text               stm32f10x_usart.o
    0x08001348   0x08001348   0x0000030c   Code   RO          368    .text               stm32f10x_spi.o
    0x08001654   0x08001654   0x00000948   Code   RO          398    .text               nrf24.o
    0x08001f9c   0x08001f9c   0x00000110   Code   RO          418    .text               nrf24_hal.o
    0x080020ac   0x080020ac   0x00000344   Code   RO          430    .text               uart.o
    0x080023f0   0x080023f0   0x00000074   Code   RO          445    .text               delay.o
    0x08002464   0x08002464   0x0000011c   Code   RO          464    .text               stm32f10x_exti.o
    0x08002580   0x08002580   0x000001e0   Code   RO          493    .text               system_stm32f10x.o
    0x08002760   0x08002760   0x00000040   Code   RO          583    .text               startup_stm32f10x_md.o
    0x080027a0   0x080027a0   0x000001a4   Code   RO          587    .text               retarget_io.o
    0x08002944   0x08002944   0x0000005e   Code   RO          624    .text               c_w.l(h1_alloc.o)
    0x080029a2   0x080029a2   0x0000004e   Code   RO          626    .text               c_w.l(h1_free.o)
    0x080029f0   0x080029f0   0x0000008a   Code   RO          682    .text               c_w.l(rt_memcpy_v6.o)
    0x08002a7a   0x08002a7a   0x00000002   PAD
    0x08002a7c   0x08002a7c   0x00000080   Code   RO          684    .text               c_w.l(strcmpv7m.o)
    0x08002afc   0x08002afc   0x00000006   Code   RO          686    .text               c_w.l(heapauxi.o)
    0x08002b02   0x08002b02   0x00000002   PAD
    0x08002b04   0x08002b04   0x00000008   Code   RO          696    .text               c_w.l(rt_heap_descriptor_intlibspace.o)
    0x08002b0c   0x08002b0c   0x00000004   Code   RO          698    .text               c_w.l(hguard.o)
    0x08002b10   0x08002b10   0x0000008a   Code   RO          700    .text               c_w.l(init_alloc.o)
    0x08002b9a   0x08002b9a   0x0000000e   Code   RO          704    .text               c_w.l(h1_init.o)
    0x08002ba8   0x08002ba8   0x00000064   Code   RO          718    .text               c_w.l(rt_memcpy_w.o)
    0x08002c0c   0x08002c0c   0x00000008   Code   RO          769    .text               c_w.l(libspace.o)
    0x08002c14   0x08002c14   0x00000034   Code   RO          791    .text               c_w.l(h1_extend.o)
    0x08002c48   0x08002c48   0x0000000e   Code   RO          795    .text               c_w.l(defsig_rtmem_outer.o)
    0x08002c56   0x08002c56   0x00000002   Code   RO          806    .text               c_w.l(use_no_semi.o)
    0x08002c58   0x08002c58   0x00000000   Code   RO          808    .text               c_w.l(indicate_semi.o)
    0x08002c58   0x08002c58   0x0000004a   Code   RO          809    .text               c_w.l(sys_stackheap_outer.o)
    0x08002ca2   0x08002ca2   0x00000012   Code   RO          815    .text               c_w.l(exit.o)
    0x08002cb4   0x08002cb4   0x0000000a   Code   RO          817    .text               c_w.l(defsig_exit.o)
    0x08002cbe   0x08002cbe   0x00000002   PAD
    0x08002cc0   0x08002cc0   0x00000050   Code   RO          819    .text               c_w.l(defsig_rtmem_inner.o)
    0x08002d10   0x08002d10   0x0000000c   Code   RO          831    .text               c_w.l(sys_exit.o)
    0x08002d1c   0x08002d1c   0x00000032   Code   RO          841    .text               c_w.l(defsig_general.o)
    0x08002d4e   0x08002d4e   0x00000013   Data   RO            3    .constdata          main.o
    0x08002d61   0x08002d61   0x0000000d   Data   RO          399    .constdata          nrf24.o
    0x08002d6e   0x08002d6e   0x00000002   PAD
    0x08002d70   0x08002d70   0x00000020   Data   RO          887    Region$$Table       anon$$obj.o


    Execution Region RW_IRAM1 (Exec base: 0x20000000, Load base: 0x08002d90, Size: 0x000006e0, Max: 0x00005000, ABSOLUTE)

    Exec Addr    Load Addr    Size         Type   Attr      Idx    E Section Name        Object

    0x20000000   0x08002d90   0x0000000f   Data   RW            4    .data               main.o
    0x2000000f   0x08002d9f   0x00000002   Data   RW          124    .data               stm32f10x_it.o
    0x20000011   0x08002da1   0x00000014   Data   RW          337    .data               stm32f10x_rcc.o
    0x20000025   0x08002db5   0x00000003   PAD
    0x20000028   0x08002db8   0x00000014   Data   RW          494    .data               system_stm32f10x.o
    0x2000003c        -       0x00000040   Zero   RW            2    .bss                main.o
    0x2000007c        -       0x00000060   Zero   RW          770    .bss                c_w.l(libspace.o)
    0x200000dc   0x08002dcc   0x00000004   PAD
    0x200000e0        -       0x00000200   Zero   RW          581    HEAP                startup_stm32f10x_md.o
    0x200002e0        -       0x00000400   Zero   RW          580    STACK               startup_stm32f10x_md.o


==============================================================================

Image component sizes


      Code (inc. data)   RO Data    RW Data    ZI Data      Debug   Object Name

         0          0          0          0          0         32   core_cm3.o
       116         14          0          0          0      16441   delay.o
      1252        218         19         15         64     232443   main.o
       220         22          0          0          0     229005   misc.o
      2376         54         13          0          0      17842   nrf24.o
       272         22          0          0          0       1170   nrf24_hal.o
       420         24          0          0          0       3764   retarget_io.o
        64         26        236          0       1536        904   startup_stm32f10x_md.o
       284         10          0          0          0       4691   stm32f10x_exti.o
       860         38          0          0          0      14353   stm32f10x_gpio.o
       240         10          0          2          0      11450   stm32f10x_it.o
       932         36          0         20          0      17928   stm32f10x_rcc.o
       780         14          0          0          0      13782   stm32f10x_spi.o
      1032         22          0          0          0      14760   stm32f10x_usart.o
       480         38          0         20          0       2027   system_stm32f10x.o
       836         28          0          0          0       3502   uart.o

    ----------------------------------------------------------------------
     10164        576        302         60       1600     584094   Object Totals
         0          0         32          0          0          0   (incl. Generated)
         0          0          2          3          0          0   (incl. Padding)

    ----------------------------------------------------------------------

      Code (inc. data)   RO Data    RW Data    ZI Data      Debug   Library Member Name

         8          0          0          0          0         68   __main.o
         0          0          0          0          0          0   __rtentry.o
        12          0          0          0          0          0   __rtentry2.o
         6          0          0          0          0          0   __rtentry4.o
        52          8          0          0          0          0   __scatter.o
        26          0          0          0          0          0   __scatter_copy.o
        28          0          0          0          0          0   __scatter_zi.o
        10          0          0          0          0         68   defsig_exit.o
        50          0          0          0          0         88   defsig_general.o
        80         58          0          0          0         76   defsig_rtmem_inner.o
        14          0          0          0          0         80   defsig_rtmem_outer.o
        18          0          0          0          0         80   exit.o
        94          0          0          0          0         80   h1_alloc.o
        52          0          0          0          0         68   h1_extend.o
        78          0          0          0          0         80   h1_free.o
        14          0          0          0          0         84   h1_init.o
         6          0          0          0          0        152   heapauxi.o
         4          0          0          0          0        136   hguard.o
         0          0          0          0          0          0   indicate_semi.o
       138          0          0          0          0        168   init_alloc.o
         2          0          0          0          0          0   libinit.o
        10          0          0          0          0          0   libinit2.o
         2          0          0          0          0          0   libshutdown.o
         2          0          0          0          0          0   libshutdown2.o
         8          4          0          0         96         68   libspace.o
         0          0          0          0          0          0   maybetermalloc1.o
         8          4          0          0          0         68   rt_heap_descriptor_intlibspace.o
       138          0          0          0          0         68   rt_memcpy_v6.o
       100          0          0          0          0         80   rt_memcpy_w.o
         2          0          0          0          0          0   rtexit.o
        10          0          0          0          0          0   rtexit2.o
       128          0          0          0          0         68   strcmpv7m.o
        12          4          0          0          0         68   sys_exit.o
        74          0          0          0          0         80   sys_stackheap_outer.o
         2          0          0          0          0         68   use_no_semi.o

    ----------------------------------------------------------------------
      1198         78          0          0        100       1796   Library Totals
        10          0          0          0          4          0   (incl. Padding)

    ----------------------------------------------------------------------

      Code (inc. data)   RO Data    RW Data    ZI Data      Debug   Library Name

      1188         78          0          0         96       1796   c_w.l

    ----------------------------------------------------------------------
      1198         78          0          0        100       1796   Library Totals

    ----------------------------------------------------------------------

==============================================================================


      Code (inc. data)   RO Data    RW Data    ZI Data      Debug   

     11362        654        302         60       1700     583806   Grand Totals
     11362        654        302         60       1700     583806   ELF Image Totals
     11362        654        302         60          0          0   ROM Totals

==============================================================================

    Total RO  Size (Code + RO Data)                11664 (  11.39kB)
    Total RW  Size (RW Data + ZI Data)              1760 (   1.72kB)
    Total ROM Size (Code + RO Data + RW Data)      11724 (  11.45kB)

==============================================================================

